Component: ARM Compiler 5.05 update 1 (build 106) Tool: armlink [4d0efa]

==============================================================================

Section Cross References

    startup_stm32f407xx.o(STACK) refers (Special) to heapauxi.o(.text) for __use_two_region_memory
    startup_stm32f407xx.o(HEAP) refers (Special) to heapauxi.o(.text) for __use_two_region_memory
    startup_stm32f407xx.o(RESET) refers (Special) to heapauxi.o(.text) for __use_two_region_memory
    startup_stm32f407xx.o(RESET) refers to startup_stm32f407xx.o(STACK) for __initial_sp
    startup_stm32f407xx.o(RESET) refers to startup_stm32f407xx.o(.text) for Reset_Handler
    startup_stm32f407xx.o(RESET) refers to stm32f4xx_it.o(i.NMI_Handler) for NMI_Handler
    startup_stm32f407xx.o(RESET) refers to stm32f4xx_it.o(i.HardFault_Handler) for HardFault_Handler
    startup_stm32f407xx.o(RESET) refers to stm32f4xx_it.o(i.MemManage_Handler) for MemManage_Handler
    startup_stm32f407xx.o(RESET) refers to stm32f4xx_it.o(i.BusFault_Handler) for BusFault_Handler
    startup_stm32f407xx.o(RESET) refers to stm32f4xx_it.o(i.UsageFault_Handler) for UsageFault_Handler
    startup_stm32f407xx.o(RESET) refers to stm32f4xx_it.o(i.SVC_Handler) for SVC_Handler
    startup_stm32f407xx.o(RESET) refers to stm32f4xx_it.o(i.DebugMon_Handler) for DebugMon_Handler
    startup_stm32f407xx.o(RESET) refers to stm32f4xx_it.o(i.PendSV_Handler) for PendSV_Handler
    startup_stm32f407xx.o(RESET) refers to stm32f4xx_it.o(i.SysTick_Handler) for SysTick_Handler
    startup_stm32f407xx.o(RESET) refers to stm32f4xx_it.o(i.USART1_IRQHandler) for USART1_IRQHandler
    startup_stm32f407xx.o(RESET) refers to stm32f4xx_it.o(i.TIM6_DAC_IRQHandler) for TIM6_DAC_IRQHandler
    startup_stm32f407xx.o(RESET) refers to stm32f4xx_it.o(i.DMA2_Stream2_IRQHandler) for DMA2_Stream2_IRQHandler
    startup_stm32f407xx.o(.text) refers (Special) to heapauxi.o(.text) for __use_two_region_memory
    startup_stm32f407xx.o(.text) refers to system_stm32f4xx.o(i.SystemInit) for SystemInit
    startup_stm32f407xx.o(.text) refers to __main.o(!!!main) for __main
    startup_stm32f407xx.o(.text) refers to startup_stm32f407xx.o(HEAP) for Heap_Mem
    startup_stm32f407xx.o(.text) refers to startup_stm32f407xx.o(STACK) for Stack_Mem
    pid.o(i.PID_AngleCalc) refers to pid.o(i.PID_SingleCalc) for PID_SingleCalc
    pid.o(i.PID_SingleCalc) refers to pid.o(i.volte_change) for volte_change
    pid.o(i.PID_SingleCalc) refers to pid.o(.data) for .data
    pid.o(i.volte_change) refers to f2d.o(x$fpl$f2d) for __aeabi_f2d
    pid.o(i.volte_change) refers to ddiv.o(x$fpl$ddiv) for __aeabi_ddiv
    pid.o(i.volte_change) refers to d2f.o(x$fpl$d2f) for __aeabi_d2f
    pid.o(i.volte_change) refers to dmul.o(x$fpl$dmul) for __aeabi_dmul
    uartpack.o(i.Enable_Uart_E_Control) refers to stm32f4xx_hal_uart.o(i.HAL_UART_Receive_IT) for HAL_UART_Receive_IT
    uartpack.o(i.Enable_Uart_O_Control) refers to stm32f4xx_hal_uart.o(i.HAL_UART_Receive_IT) for HAL_UART_Receive_IT
    uartpack.o(i.Uart_E_Data_Process) refers to rt_memcpy_v6.o(.text) for __aeabi_memcpy
    uartpack.o(i.Uart_E_Data_Process) refers to stm32f4xx_hal_uart.o(i.HAL_UART_Receive_IT) for HAL_UART_Receive_IT
    uartpack.o(i.Uart_O_Data_Process) refers to stm32f4xx_hal.o(i.HAL_GetTick) for HAL_GetTick
    uartpack.o(i.Uart_O_Data_Process) refers to rt_memcpy_v6.o(.text) for __aeabi_memcpy
    uartpack.o(i.Uart_O_Data_Process) refers to stm32f4xx_hal_uart.o(i.HAL_UART_Receive_IT) for HAL_UART_Receive_IT
    uartpack.o(i.Uart_O_Timeout_Check) refers to stm32f4xx_hal.o(i.HAL_GetTick) for HAL_GetTick
    uartpack.o(i.Uart_O_Timeout_Check) refers to rt_memcpy_v6.o(.text) for __aeabi_memcpy
    main.o(i.SystemClock_Config) refers to rt_memclr_w.o(.text) for __aeabi_memclr4
    main.o(i.SystemClock_Config) refers to stm32f4xx_hal_rcc.o(i.HAL_RCC_OscConfig) for HAL_RCC_OscConfig
    main.o(i.SystemClock_Config) refers to stm32f4xx_hal_rcc.o(i.HAL_RCC_ClockConfig) for HAL_RCC_ClockConfig
    main.o(i.main) refers to stm32f4xx_hal.o(i.HAL_Init) for HAL_Init
    main.o(i.main) refers to main.o(i.SystemClock_Config) for SystemClock_Config
    main.o(i.main) refers to gpio.o(i.MX_GPIO_Init) for MX_GPIO_Init
    main.o(i.main) refers to tim.o(i.MX_TIM1_Init) for MX_TIM1_Init
    main.o(i.main) refers to tim.o(i.MX_TIM6_Init) for MX_TIM6_Init
    main.o(i.main) refers to usart.o(i.MX_USART1_UART_Init) for MX_USART1_UART_Init
    main.o(i.main) refers to dma.o(i.MX_DMA_Init) for MX_DMA_Init
    main.o(i.main) refers to adc.o(i.MX_ADC2_Init) for MX_ADC2_Init
    main.o(i.main) refers to pid.o(i.PID_Init) for PID_Init
    main.o(i.main) refers to uartpack.o(i.Enable_Uart_O_Control) for Enable_Uart_O_Control
    main.o(i.main) refers to stm32f4xx_hal_adc.o(i.HAL_ADC_Start_DMA) for HAL_ADC_Start_DMA
    main.o(i.main) refers to tim.o(i.TIM6_START_IT) for TIM6_START_IT
[...]
    i.SysTick_Handler                        0x08004524   Section        0  stm32f4xx_it.o(i.SysTick_Handler)
    i.SystemClock_Config                     0x08004528   Section        0  main.o(i.SystemClock_Config)
    i.SystemInit                             0x080045c0   Section        0  system_stm32f4xx.o(i.SystemInit)
    i.TIM6_DAC_IRQHandler                    0x080045d0   Section        0  stm32f4xx_it.o(i.TIM6_DAC_IRQHandler)
    i.TIM6_START_IT                          0x080045dc   Section        0  tim.o(i.TIM6_START_IT)
    i.TIM_Base_SetConfig                     0x080045e8   Section        0  stm32f4xx_hal_tim.o(i.TIM_Base_SetConfig)
    i.TIM_CCxChannelCmd                      0x080046b0   Section        0  stm32f4xx_hal_tim.o(i.TIM_CCxChannelCmd)
    i.TIM_CCxNChannelCmd                     0x080046ca   Section        0  stm32f4xx_hal_tim_ex.o(i.TIM_CCxNChannelCmd)
    TIM_CCxNChannelCmd                       0x080046cb   Thumb Code    26  stm32f4xx_hal_tim_ex.o(i.TIM_CCxNChannelCmd)
    i.TIM_ETR_SetConfig                      0x080046e4   Section        0  stm32f4xx_hal_tim.o(i.TIM_ETR_SetConfig)
    i.TIM_ITRx_SetConfig                     0x080046f8   Section        0  stm32f4xx_hal_tim.o(i.TIM_ITRx_SetConfig)
    TIM_ITRx_SetConfig                       0x080046f9   Thumb Code    16  stm32f4xx_hal_tim.o(i.TIM_ITRx_SetConfig)
    i.TIM_OC1_SetConfig                      0x08004708   Section        0  stm32f4xx_hal_tim.o(i.TIM_OC1_SetConfig)
    TIM_OC1_SetConfig                        0x08004709   Thumb Code    88  stm32f4xx_hal_tim.o(i.TIM_OC1_SetConfig)
    i.TIM_OC2_SetConfig                      0x08004768   Section        0  stm32f4xx_hal_tim.o(i.TIM_OC2_SetConfig)
    i.TIM_OC3_SetConfig                      0x080047d4   Section        0  stm32f4xx_hal_tim.o(i.TIM_OC3_SetConfig)
    TIM_OC3_SetConfig                        0x080047d5   Thumb Code    96  stm32f4xx_hal_tim.o(i.TIM_OC3_SetConfig)
    i.TIM_OC4_SetConfig                      0x0800483c   Section        0  stm32f4xx_hal_tim.o(i.TIM_OC4_SetConfig)
    TIM_OC4_SetConfig                        0x0800483d   Thumb Code    70  stm32f4xx_hal_tim.o(i.TIM_OC4_SetConfig)
    i.TIM_TI1_ConfigInputStage               0x0800488c   Section        0  stm32f4xx_hal_tim.o(i.TIM_TI1_ConfigInputStage)
    TIM_TI1_ConfigInputStage                 0x0800488d   Thumb Code    34  stm32f4xx_hal_tim.o(i.TIM_TI1_ConfigInputStage)
    i.TIM_TI2_ConfigInputStage               0x080048ae   Section        0  stm32f4xx_hal_tim.o(i.TIM_TI2_ConfigInputStage)
    TIM_TI2_ConfigInputStage                 0x080048af   Thumb Code    36  stm32f4xx_hal_tim.o(i.TIM_TI2_ConfigInputStage)
    i.UART_DMAAbortOnError                   0x080048d2   Section        0  stm32f4xx_hal_uart.o(i.UART_DMAAbortOnError)
    UART_DMAAbortOnError                     0x080048d3   Thumb Code    16  stm32f4xx_hal_uart.o(i.UART_DMAAbortOnError)
    i.UART_EndRxTransfer                     0x080048e2   Section        0  stm32f4xx_hal_uart.o(i.UART_EndRxTransfer)
    UART_EndRxTransfer                       0x080048e3   Thumb Code    78  stm32f4xx_hal_uart.o(i.UART_EndRxTransfer)
    i.UART_Receive_IT                        0x08004930   Section        0  stm32f4xx_hal_uart.o(i.UART_Receive_IT)
    UART_Receive_IT                          0x08004931   Thumb Code   192  stm32f4xx_hal_uart.o(i.UART_Receive_IT)
    i.UART_SetConfig                         0x080049f0   Section        0  stm32f4xx_hal_uart.o(i.UART_SetConfig)
    UART_SetConfig                           0x080049f1   Thumb Code   258  stm32f4xx_hal_uart.o(i.UART_SetConfig)
    i.UART_Start_Receive_IT                  0x08004afc   Section        0  stm32f4xx_hal_uart.o(i.UART_Start_Receive_IT)
    i.USART1_IRQHandler                      0x08004b34   Section        0  stm32f4xx_it.o(i.USART1_IRQHandler)
    i.Uart_O_Data_Process                    0x08004b40   Section        0  uartpack.o(i.Uart_O_Data_Process)
    i.Uart_O_Timeout_Check                   0x08004ba2   Section        0  uartpack.o(i.Uart_O_Timeout_Check)
    i.UsageFault_Handler                     0x08004be8   Section        0  stm32f4xx_it.o(i.UsageFault_Handler)
    i.__ARM_fpclassify                       0x08004bea   Section        0  fpclassify.o(i.__ARM_fpclassify)
    i.__NVIC_SetPriority                     0x08004c1a   Section        0  stm32f4xx_hal_cortex.o(i.__NVIC_SetPriority)
    __NVIC_SetPriority                       0x08004c1b   Thumb Code    32  stm32f4xx_hal_cortex.o(i.__NVIC_SetPriority)
    i.__hardfp_ldexp                         0x08004c40   Section        0  ldexp.o(i.__hardfp_ldexp)
    i.__mathlib_dbl_overflow                 0x08004d10   Section        0  dunder.o(i.__mathlib_dbl_overflow)
    i.__mathlib_dbl_underflow                0x08004d30   Section        0  dunder.o(i.__mathlib_dbl_underflow)
    i.__mathlib_narrow                       0x08004d50   Section        0  narrow.o(i.__mathlib_narrow)
    i.__support_ldexp                        0x08004e08   Section        0  ldexp.o(i.__support_ldexp)
    i._is_digit                              0x08004e1c   Section        0  __printf_wp.o(i._is_digit)
    i._sys_exit                              0x08004e2a   Section        0  usart.o(i._sys_exit)
    i.fputc                                  0x08004e2c   Section        0  usart.o(i.fputc)
    i.frexp                                  0x08004e40   Section        0  frexp.o(i.frexp)
    i.main                                   0x08004ecc   Section        0  main.o(i.main)
    i.pwm_start                              0x08004f7c   Section        0  tim.o(i.pwm_start)
    i.volte_change                           0x08004fa8   Section        0  pid.o(i.volte_change)
    locale$$code                             0x08004fec   Section       44  lc_numeric_c.o(locale$$code)
    locale$$code                             0x08005018   Section       44  lc_ctype_c.o(locale$$code)
    x$fpl$d2f                                0x08005044   Section       98  d2f.o(x$fpl$d2f)
    $v0                                      0x08005044   Number         0  d2f.o(x$fpl$d2f)
    x$fpl$dcheck1                            0x080050a8   Section       16  dcheck1.o(x$fpl$dcheck1)
    $v0                                      0x080050a8   Number         0  dcheck1.o(x$fpl$dcheck1)
    x$fpl$dcmpinf                            0x080050b8   Section       24  dcmpi.o(x$fpl$dcmpinf)
    $v0                                      0x080050b8   Number         0  dcmpi.o(x$fpl$dcmpinf)
    x$fpl$ddiv                               0x080050d0   Section      688  ddiv.o(x$fpl$ddiv)
    $v0                                      0x080050d0   Number         0  ddiv.o(x$fpl$ddiv)
    ddiv_entry                               0x080050d7   Thumb Code     0  ddiv.o(x$fpl$ddiv)
    x$fpl$deqf                               0x08005380   Section      120  deqf.o(x$fpl$deqf)
    $v0                                      0x08005380   Number         0  deqf.o(x$fpl$deqf)
    x$fpl$dfltu                              0x080053f8   Section       38  dflt_clz.o(x$fpl$dfltu)
    $v0                                      0x080053f8   Number         0  dflt_clz.o(x$fpl$dfltu)
    x$fpl$dleqf                              0x08005420   Section      120  dleqf.o(x$fpl$dleqf)
    $v0                                      0x08005420   Number         0  dleqf.o(x$fpl$dleqf)
    x$fpl$dmul                               0x08005498   Section      340  dmul.o(x$fpl$dmul)
    $v0                                      0x08005498   Number         0  dmul.o(x$fpl$dmul)
    x$fpl$dnaninf                            0x080055ec   Section      156  dnaninf.o(x$fpl$dnaninf)
    $v0                                      0x080055ec   Number         0  dnaninf.o(x$fpl$dnaninf)
    x$fpl$dretinf                            0x08005688   Section       12  dretinf.o(x$fpl$dretinf)
    $v0                                      0x08005688   Number         0  dretinf.o(x$fpl$dretinf)
    x$fpl$drleqf                             0x08005694   Section      108  drleqf.o(x$fpl$drleqf)
    $v0                                      0x08005694   Number         0  drleqf.o(x$fpl$drleqf)
    x$fpl$f2d                                0x08005700   Section       86  f2d.o(x$fpl$f2d)
    $v0                                      0x08005700   Number         0  f2d.o(x$fpl$f2d)
    x$fpl$fnaninf                            0x08005756   Section      140  fnaninf.o(x$fpl$fnaninf)
    $v0                                      0x08005756   Number         0  fnaninf.o(x$fpl$fnaninf)
    x$fpl$fpinit                             0x080057e2   Section       10  fpinit.o(x$fpl$fpinit)
    $v0                                      0x080057e2   Number         0  fpinit.o(x$fpl$fpinit)
    x$fpl$fretinf                            0x080057ec   Section       10  fretinf.o(x$fpl$fretinf)
    $v0                                      0x080057ec   Number         0  fretinf.o(x$fpl$fretinf)
    x$fpl$printf1                            0x080057f6   Section        4  printf1.o(x$fpl$printf1)
    $v0                                      0x080057f6   Number         0  printf1.o(x$fpl$printf1)
    x$fpl$retnan                             0x080057fa   Section      100  retnan.o(x$fpl$retnan)
    $v0                                      0x080057fa   Number         0  retnan.o(x$fpl$retnan)
    x$fpl$scalbn                             0x0800585e   Section       92  scalbn.o(x$fpl$scalbn)
    $v0                                      0x0800585e   Number         0  scalbn.o(x$fpl$scalbn)
    x$fpl$scanf1                             0x080058ba   Section        4  scanf1.o(x$fpl$scanf1)
    $v0                                      0x080058ba   Number         0  scanf1.o(x$fpl$scanf1)
    x$fpl$scanf2                             0x080058be   Section        8  scanf2.o(x$fpl$scanf2)
    $v0                                      0x080058be   Number         0  scanf2.o(x$fpl$scanf2)
    x$fpl$trapveneer                         0x080058c6   Section       48  trapv.o(x$fpl$trapveneer)
    $v0                                      0x080058c6   Number         0  trapv.o(x$fpl$trapveneer)
    .constdata                               0x080058f6   Section        8  stm32f4xx_hal_dma.o(.constdata)
    x$fpl$usenofp                            0x080058f6   Section        0  usenofp.o(x$fpl$usenofp)
    flagBitshiftOffset                       0x080058f6   Data           8  stm32f4xx_hal_dma.o(.constdata)
    .constdata                               0x080058fe   Section       16  system_stm32f4xx.o(.constdata)
    .constdata                               0x0800590e   Section        8  system_stm32f4xx.o(.constdata)
    .constdata                               0x08005918   Section      148  bigflt0.o(.constdata)
    tenpwrs_x                                0x08005918   Data          60  bigflt0.o(.constdata)
    tenpwrs_i                                0x08005954   Data          64  bigflt0.o(.constdata)
    c$$dinf                                  0x080059cc   Section        8  fpconst.o(c$$dinf)
    locale$$data                             0x080059d4   Section       28  lc_numeric_c.o(locale$$data)
    __lcnum_c_name                           0x080059d8   Data           2  lc_numeric_c.o(locale$$data)
    __lcnum_c_start                          0x080059e0   Data           0  lc_numeric_c.o(locale$$data)
    __lcnum_c_point                          0x080059ec   Data           0  lc_numeric_c.o(locale$$data)
    __lcnum_c_thousands                      0x080059ee   Data           0  lc_numeric_c.o(locale$$data)
    __lcnum_c_grouping                       0x080059ef   Data           0  lc_numeric_c.o(locale$$data)
    locale$$data                             0x080059f0   Section      272  lc_ctype_c.o(locale$$data)
    __lcnum_c_end                            0x080059f0   Data           0  lc_numeric_c.o(locale$$data)
    __lcctype_c_name                         0x080059f4   Data           2  lc_ctype_c.o(locale$$data)
    __lcctype_c_start                        0x080059fc   Data           0  lc_ctype_c.o(locale$$data)
    __lcctype_c_end                          0x08005b00   Data           0  lc_ctype_c.o(locale$$data)
    .data                                    0x20000000   Section        2  pid.o(.data)
    inl_index                                0x20000000   Data           2  pid.o(.data)
    .data                                    0x20000004   Section        8  main.o(.data)
    init                                     0x20000004   Data           1  main.o(.data)
    .data                                    0x2000000c   Section        8  tim.o(.data)
    count1                                   0x2000000c   Data           1  tim.o(.data)
    count2                                   0x2000000d   Data           1  tim.o(.data)
    temp                                     0x20000010   Data           4  tim.o(.data)
    .data                                    0x20000014   Section        4  usart.o(.data)
    .data                                    0x20000018   Section       12  stm32f4xx_hal.o(.data)
    .data                                    0x20000024   Section        4  system_stm32f4xx.o(.data)
    .bss                                     0x20000028   Section      516  main.o(.bss)
    .bss                                     0x2000022c   Section      168  adc.o(.bss)
    .bss                                     0x200002d4   Section      144  tim.o(.bss)
    .bss                                     0x20000364   Section       68  usart.o(.bss)
    .bss                                     0x200003a8   Section       96  libspace.o(.bss)
    HEAP                                     0x20000408   Section      512  startup_stm32f407xx.o(HEAP)
    Heap_Mem                                 0x20000408   Data         512  startup_stm32f407xx.o(HEAP)
    STACK                                    0x20000608   Section     1024  startup_stm32f407xx.o(STACK)
    Stack_Mem                                0x20000608   Data        1024  startup_stm32f407xx.o(STACK)
    __initial_sp                             0x20000a08   Data           0  startup_stm32f407xx.o(STACK)

    Global Symbols

    Symbol Name                              Value     Ov Type        Size  Object(Section)

    BuildAttributes$$THM_ISAv4$E$P$D$K$B$S$7EM$VFPi3$EXTD16$VFPS$VFMA$PE$A:L22UL41UL21$X:L11$S22US41US21$IEEE1$IW$USESV6$~STKCKD$USESV7$~SHL$OTIME$ROPI$IEEEX$EBA8$UX$STANDARDLIB$REQ8$PRES8$EABIv2 0x00000000   Number         0  anon$$obj.o ABSOLUTE
    __ARM_use_no_argv                        0x00000000   Number         0  main.o ABSOLUTE
    _printf_flags                            0x00000000   Number         0  printf_stubs.o ABSOLUTE
    _printf_return_value                     0x00000000   Number         0  printf_stubs.o ABSOLUTE
    _printf_sizespec                         0x00000000   Number         0  printf_stubs.o ABSOLUTE
    _printf_widthprec                        0x00000000   Number         0  printf_stubs.o ABSOLUTE
    __ARM_exceptions_init                     - Undefined Weak Reference
    __alloca_initialize                       - Undefined Weak Reference
    __arm_preinit_                            - Undefined Weak Reference
    __cpp_initialize__aeabi_                  - Undefined Weak Reference
    __cxa_finalize                            - Undefined Weak Reference
    __sigvec_lookup                           - Undefined Weak Reference
    _atexit_init                              - Undefined Weak Reference
    _call_atexit_fns                          - Undefined Weak Reference
    _clock_init                               - Undefined Weak Reference
    _fp_trap_init                             - Undefined Weak Reference
    _fp_trap_shutdown                         - Undefined Weak Reference
    _get_lc_collate                           - Undefined Weak Reference
    _get_lc_monetary                          - Undefined Weak Reference
    _get_lc_time                              - Undefined Weak Reference
    _getenv_init                              - Undefined Weak Reference
    _handle_redirection                       - Undefined Weak Reference
    _init_alloc                               - Undefined Weak Reference
    _init_user_alloc                          - Undefined Weak Reference
    _initio                                   - Undefined Weak Reference
    _mutex_acquire                            - Undefined Weak Reference
    _mutex_release                            - Undefined Weak Reference
    _printf_post_padding                      - Undefined Weak Reference
    _printf_pre_padding                       - Undefined Weak Reference
    _rand_init                                - Undefined Weak Reference
    _scanf_int                                - Undefined Weak Reference
    _scanf_longlong                           - Undefined Weak Reference
    _scanf_mbtowc                             - Undefined Weak Reference
    _scanf_string                             - Undefined Weak Reference
    _scanf_wctomb                             - Undefined Weak Reference
    _scanf_wstring                            - Undefined Weak Reference
    _signal_finish                            - Undefined Weak Reference
    _signal_init                              - Undefined Weak Reference
    _terminate_alloc                          - Undefined Weak Reference
    _terminate_user_alloc                     - Undefined Weak Reference
    _terminateio                              - Undefined Weak Reference
    __Vectors_Size                           0x00000188   Number         0  startup_stm32f407xx.o ABSOLUTE
    __Vectors                                0x08000000   Data           4  startup_stm32f407xx.o(RESET)
    __Vectors_End                            0x08000188   Data           0  startup_stm32f407xx.o(RESET)
    __main                                   0x08000189   Thumb Code     8  __main.o(!!!main)
    __scatterload                            0x08000191   Thumb Code     0  __scatter.o(!!!scatter)
    __scatterload_rt2                        0x08000191   Thumb Code    44  __scatter.o(!!!scatter)
    __scatterload_rt2_thumb_only             0x08000191   Thumb Code     0  __scatter.o(!!!scatter)
    __scatterload_null                       0x0800019f   Thumb Code     0  __scatter.o(!!!scatter)
    __scatterload_copy                       0x080001c5   Thumb Code    26  __scatter_copy.o(!!handler_copy)
    __scatterload_zeroinit                   0x080001e1   Thumb Code    28  __scatter_zi.o(!!handler_zi)
    _printf_f                                0x080001fd   Thumb Code     0  _printf_f.o(.ARM.Collect$$_printf_percent$$00000003)
    _printf_percent                          0x080001fd   Thumb Code     0  _printf_percent.o(.ARM.Collect$$_printf_percent$$00000000)
    _printf_percent_end                      0x08000203   Thumb Code     0  _printf_percent_end.o(.ARM.Collect$$_printf_percent$$00000017)
    __rt_lib_init                            0x08000207   Thumb Code     0  libinit.o(.ARM.Collect$$libinit$$00000000)
    __rt_lib_init_fp_1                       0x08000209   Thumb Code     0  libinit2.o(.ARM.Collect$$libinit$$00000001)
    __rt_lib_init_heap_1                     0x0800020d   Thumb Code     0  libinit2.o(.ARM.Collect$$libinit$$0000000A)
    __rt_lib_init_lc_common                  0x0800020d   Thumb Code     0  libinit2.o(.ARM.Collect$$libinit$$0000000F)
    __rt_lib_init_preinit_1                  0x0800020d   Thumb Code     0  libinit2.o(.ARM.Collect$$libinit$$00000004)
    __rt_lib_init_rand_1                     0x0800020d   Thumb Code     0  libinit2.o(.ARM.Collect$$libinit$$0000000E)
    __rt_lib_init_user_alloc_1               0x0800020d   Thumb Code     0  libinit2.o(.ARM.Collect$$libinit$$0000000C)
    __rt_lib_init_lc_collate_1               0x08000213   Thumb Code     0  libinit2.o(.ARM.Collect$$libinit$$00000011)
    __rt_lib_init_lc_ctype_2                 0x08000213   Thumb Code     0  libinit2.o(.ARM.Collect$$libinit$$00000012)
    __rt_lib_init_lc_ctype_1                 0x0800021f   Thumb Code     0  libinit2.o(.ARM.Collect$$libinit$$00000013)
    __rt_lib_init_lc_monetary_1              0x0800021f   Thumb Code     0  libinit2.o(.ARM.Collect$$libinit$$00000015)
    __rt_lib_init_lc_numeric_2               0x0800021f   Thumb Code     0  libinit2.o(.ARM.Collect$$libinit$$00000016)
    __rt_lib_init_alloca_1                   0x08000229   Thumb Code     0  libinit2.o(.ARM.Collect$$libinit$$0000002E)
    __rt_lib_init_argv_1                     0x08000229   Thumb Code     0  libinit2.o(.ARM.Collect$$libinit$$0000002C)
    __rt_lib_init_atexit_1                   0x08000229   Thumb Code     0  libinit2.o(.ARM.Collect$$libinit$$0000001B)
    __rt_lib_init_clock_1                    0x08000229   Thumb Code     0  libinit2.o(.ARM.Collect$$libinit$$00000021)
    __rt_lib_init_cpp_1                      0x08000229   Thumb Code     0  libinit2.o(.ARM.Collect$$libinit$$00000032)
    __rt_lib_init_exceptions_1               0x08000229   Thumb Code     0  libinit2.o(.ARM.Collect$$libinit$$00000030)
    __rt_lib_init_fp_trap_1                  0x08000229   Thumb Code     0  libinit2.o(.ARM.Collect$$libinit$$0000001F)
    __rt_lib_init_getenv_1                   0x08000229   Thumb Code     0  libinit2.o(.ARM.Collect$$libinit$$00000023)
    __rt_lib_init_lc_numeric_1               0x08000229   Thumb Code     0  libinit2.o(.ARM.Collect$$libinit$$00000017)
    __rt_lib_init_lc_time_1                  0x08000229   Thumb Code     0  libinit2.o(.ARM.Collect$$libinit$$00000019)
    __rt_lib_init_return                     0x08000229   Thumb Code     0  libinit2.o(.ARM.Collect$$libinit$$00000033)
    __rt_lib_init_signal_1                   0x08000229   Thumb Code     0  libinit2.o(.ARM.Collect$$libinit$$0000001D)
    __rt_lib_init_stdio_1                    0x08000229   Thumb Code     0  libinit2.o(.ARM.Collect$$libinit$$00000025)
    __rt_lib_shutdown                        0x0800022b   Thumb Code     0  libshutdown.o(.ARM.Collect$$libshutdown$$00000000)
    __rt_lib_shutdown_fp_trap_1              0x0800022d   Thumb Code     0  libshutdown2.o(.ARM.Collect$$libshutdown$$00000006)
    __rt_lib_shutdown_heap_1                 0x0800022d   Thumb Code     0  libshutdown2.o(.ARM.Collect$$libshutdown$$0000000E)
    __rt_lib_shutdown_return                 0x0800022d   Thumb Code     0  libshutdown2.o(.ARM.Collect$$libshutdown$$0000000F)
    __rt_lib_shutdown_signal_1               0x0800022d   Thumb Code     0  libshutdown2.o(.ARM.Collect$$libshutdown$$00000009)
    __rt_lib_shutdown_stdio_1                0x0800022d   Thumb Code     0  libshutdown2.o(.ARM.Collect$$libshutdown$$00000003)
    __rt_lib_shutdown_user_alloc_1           0x0800022d   Thumb Code     0  libshutdown2.o(.ARM.Collect$$libshutdown$$0000000B)
    __rt_entry                               0x0800022f   Thumb Code     0  __rtentry.o(.ARM.Collect$$rtentry$$00000000)
    __rt_entry_presh_1                       0x0800022f   Thumb Code     0  __rtentry2.o(.ARM.Collect$$rtentry$$00000002)
    __rt_entry_sh                            0x0800022f   Thumb Code     0  __rtentry4.o(.ARM.Collect$$rtentry$$00000004)
    __rt_entry_li                            0x08000235   Thumb Code     0  __rtentry2.o(.ARM.Collect$$rtentry$$0000000A)
    __rt_entry_postsh_1                      0x08000235   Thumb Code     0  __rtentry2.o(.ARM.Collect$$rtentry$$00000009)
    __rt_entry_main                          0x08000239   Thumb Code     0  __rtentry2.o(.ARM.Collect$$rtentry$$0000000D)
    __rt_entry_postli_1                      0x08000239   Thumb Code     0  __rtentry2.o(.ARM.Collect$$rtentry$$0000000C)
    __rt_exit                                0x08000241   Thumb Code     0  rtexit.o(.ARM.Collect$$rtexit$$00000000)
    __rt_exit_ls                             0x08000243   Thumb Code     0  rtexit2.o(.ARM.Collect$$rtexit$$00000003)
    __rt_exit_prels_1                        0x08000243   Thumb Code     0  rtexit2.o(.ARM.Collect$$rtexit$$00000002)
    __rt_exit_exit                           0x08000247   Thumb Code     0  rtexit2.o(.ARM.Collect$$rtexit$$00000004)
    Reset_Handler                            0x0800024d   Thumb Code     8  startup_stm32f407xx.o(.text)
    ADC_IRQHandler                           0x08000267   Thumb Code     0  startup_stm32f407xx.o(.text)
    CAN1_RX0_IRQHandler                      0x08000267   Thumb Code     0  startup_stm32f407xx.o(.text)
    CAN1_RX1_IRQHandler                      0x08000267   Thumb Code     0  startup_stm32f407xx.o(.text)
    CAN1_SCE_IRQHandler                      0x08000267   Thumb Code     0  startup_stm32f407xx.o(.text)
    CAN1_TX_IRQHandler                       0x08000267   Thumb Code     0  startup_stm32f407xx.o(.text)
    CAN2_RX0_IRQHandler                      0x08000267   Thumb Code     0  startup_stm32f407xx.o(.text)
    CAN2_RX1_IRQHandler                      0x08000267   Thumb Code     0  startup_stm32f407xx.o(.text)
    CAN2_SCE_IRQHandler                      0x08000267   Thumb Code     0  startup_stm32f407xx.o(.text)
    CAN2_TX_IRQHandler                       0x08000267   Thumb Code     0  startup_stm32f407xx.o(.text)
    DCMI_IRQHandler                          0x08000267   Thumb Code     0  startup_stm32f407xx.o(.text)
    DMA1_Stream0_IRQHandler                  0x08000267   Thumb Code     0  startup_stm32f407xx.o(.text)
    DMA1_Stream1_IRQHandler                  0x08000267   Thumb Code     0  startup_stm32f407xx.o(.text)
    DMA1_Stream2_IRQHandler                  0x08000267   Thumb Code     0  startup_stm32f407xx.o(.text)
    DMA1_Stream3_IRQHandler                  0x08000267   Thumb Code     0  startup_stm32f407xx.o(.text)
    DMA1_Stream4_IRQHandler                  0x08000267   Thumb Code     0  startup_stm32f407xx.o(.text)
    DMA1_Stream5_IRQHandler                  0x08000267   Thumb Code     0  startup_stm32f407xx.o(.text)
    DMA1_Stream6_IRQHandler                  0x08000267   Thumb Code     0  startup_stm32f407xx.o(.text)
    DMA1_Stream7_IRQHandler                  0x08000267   Thumb Code     0  startup_stm32f407xx.o(.text)
    DMA2_Stream0_IRQHandler                  0x08000267   Thumb Code     0  startup_stm32f407xx.o(.text)
    DMA2_Stream1_IRQHandler                  0x08000267   Thumb Code     0  startup_stm32f407xx.o(.text)
    DMA2_Stream3_IRQHandler                  0x08000267   Thumb Code     0  startup_stm32f407xx.o(.text)
    DMA2_Stream4_IRQHandler                  0x08000267   Thumb Code     0  startup_stm32f407xx.o(.text)
    DMA2_Stream5_IRQHandler                  0x08000267   Thumb Code     0  startup_stm32f407xx.o(.text)
    DMA2_Stream6_IRQHandler                  0x08000267   Thumb Code     0  startup_stm32f407xx.o(.text)
    DMA2_Stream7_IRQHandler                  0x08000267   Thumb Code     0  startup_stm32f407xx.o(.text)
    ETH_IRQHandler                           0x08000267   Thumb Code     0  startup_stm32f407xx.o(.text)
    ETH_WKUP_IRQHandler                      0x08000267   Thumb Code     0  startup_stm32f407xx.o(.text)
    EXTI0_IRQHandler                         0x08000267   Thumb Code     0  startup_stm32f407xx.o(.text)
    EXTI15_10_IRQHandler                     0x08000267   Thumb Code     0  startup_stm32f407xx.o(.text)
    EXTI1_IRQHandler                         0x08000267   Thumb Code     0  startup_stm32f407xx.o(.text)
    EXTI2_IRQHandler                         0x08000267   Thumb Code     0  startup_stm32f407xx.o(.text)
    EXTI3_IRQHandler                         0x08000267   Thumb Code     0  startup_stm32f407xx.o(.text)
    EXTI4_IRQHandler                         0x08000267   Thumb Code     0  startup_stm32f407xx.o(.text)
    EXTI9_5_IRQHandler                       0x08000267   Thumb Code     0  startup_stm32f407xx.o(.text)
    FLASH_IRQHandler                         0x08000267   Thumb Code     0  startup_stm32f407xx.o(.text)
    FMC_IRQHandler                           0x08000267   Thumb Code     0  startup_stm32f407xx.o(.text)
    FPU_IRQHandler                           0x08000267   Thumb Code     0  startup_stm32f407xx.o(.text)
    HASH_RNG_IRQHandler                      0x08000267   Thumb Code     0  startup_stm32f407xx.o(.text)
    I2C1_ER_IRQHandler                       0x08000267   Thumb Code     0  startup_stm32f407xx.o(.text)
    I2C1_EV_IRQHandler                       0x08000267   Thumb Code     0  startup_stm32f407xx.o(.text)
    I2C2_ER_IRQHandler                       0x08000267   Thumb Code     0  startup_stm32f407xx.o(.text)
    I2C2_EV_IRQHandler                       0x08000267   Thumb Code     0  startup_stm32f407xx.o(.text)
    I2C3_ER_IRQHandler                       0x08000267   Thumb Code     0  startup_stm32f407xx.o(.text)
    I2C3_EV_IRQHandler                       0x08000267   Thumb Code     0  startup_stm32f407xx.o(.text)
    OTG_FS_IRQHandler                        0x08000267   Thumb Code     0  startup_stm32f407xx.o(.text)
    OTG_FS_WKUP_IRQHandler                   0x08000267   Thumb Code     0  startup_stm32f407xx.o(.text)
    OTG_HS_EP1_IN_IRQHandler                 0x08000267   Thumb Code     0  startup_stm32f407xx.o(.text)
    OTG_HS_EP1_OUT_IRQHandler                0x08000267   Thumb Code     0  startup_stm32f407xx.o(.text)
    OTG_HS_IRQHandler                        0x08000267   Thumb Code     0  startup_stm32f407xx.o(.text)
    OTG_HS_WKUP_IRQHandler                   0x08000267   Thumb Code     0  startup_stm32f407xx.o(.text)
    PVD_IRQHandler                           0x08000267   Thumb Code     0  startup_stm32f407xx.o(.text)
    RCC_IRQHandler                           0x08000267   Thumb Code     0  startup_stm32f407xx.o(.text)
    RTC_Alarm_IRQHandler                     0x08000267   Thumb Code     0  startup_stm32f407xx.o(.text)
    RTC_WKUP_IRQHandler                      0x08000267   Thumb Code     0  startup_stm32f407xx.o(.text)
    SDIO_IRQHandler                          0x08000267   Thumb Code     0  startup_stm32f407xx.o(.text)
    SPI1_IRQHandler                          0x08000267   Thumb Code     0  startup_stm32f407xx.o(.text)
    SPI2_IRQHandler                          0x08000267   Thumb Code     0  startup_stm32f407xx.o(.text)
    SPI3_IRQHandler                          0x08000267   Thumb Code     0  startup_stm32f407xx.o(.text)
    TAMP_STAMP_IRQHandler                    0x08000267   Thumb Code     0  startup_stm32f407xx.o(.text)
    TIM1_BRK_TIM9_IRQHandler                 0x08000267   Thumb Code     0  startup_stm32f407xx.o(.text)
    TIM1_CC_IRQHandler                       0x08000267   Thumb Code     0  startup_stm32f407xx.o(.text)
    TIM1_TRG_COM_TIM11_IRQHandler            0x08000267   Thumb Code     0  startup_stm32f407xx.o(.text)
    TIM1_UP_TIM10_IRQHandler                 0x08000267   Thumb Code     0  startup_stm32f407xx.o(.text)
    TIM2_IRQHandler                          0x08000267   Thumb Code     0  startup_stm32f407xx.o(.text)
    TIM3_IRQHandler                          0x08000267   Thumb Code     0  startup_stm32f407xx.o(.text)
    TIM4_IRQHandler                          0x08000267   Thumb Code     0  startup_stm32f407xx.o(.text)
    TIM5_IRQHandler                          0x08000267   Thumb Code     0  startup_stm32f407xx.o(.text)
    TIM7_IRQHandler                          0x08000267   Thumb Code     0  startup_stm32f407xx.o(.text)
    TIM8_BRK_TIM12_IRQHandler                0x08000267   Thumb Code     0  startup_stm32f407xx.o(.text)
    TIM8_CC_IRQHandler                       0x08000267   Thumb Code     0  startup_stm32f407xx.o(.text)
    TIM8_TRG_COM_TIM14_IRQHandler            0x08000267   Thumb Code     0  startup_stm32f407xx.o(.text)
    TIM8_UP_TIM13_IRQHandler                 0x08000267   Thumb Code     0  startup_stm32f407xx.o(.text)
    UART4_IRQHandler                         0x08000267   Thumb Code     0  startup_stm32f407xx.o(.text)
    UART5_IRQHandler                         0x08000267   Thumb Code     0  startup_stm32f407xx.o(.text)
    USART2_IRQHandler                        0x08000267   Thumb Code     0  startup_stm32f407xx.o(.text)
    USART3_IRQHandler                        0x08000267   Thumb Code     0  startup_stm32f407xx.o(.text)
    USART6_IRQHandler                        0x08000267   Thumb Code     0  startup_stm32f407xx.o(.text)
    WWDG_IRQHandler                          0x08000267   Thumb Code     0  startup_stm32f407xx.o(.text)
    __user_initial_stackheap                 0x08000269   Thumb Code     0  startup_stm32f407xx.o(.text)
    __use_no_semihosting                     0x0800028d   Thumb Code     2  use_no_semi_2.o(.text)
    __aeabi_uldivmod                         0x0800028f   Thumb Code     0  lludivv7m.o(.text)
    _ll_udiv                                 0x0800028f   Thumb Code   238  lludivv7m.o(.text)
    __2printf                                0x0800037d   Thumb Code    20  noretval__2printf.o(.text)
    __printf                                 0x08000395   Thumb Code   270  __printf_wp.o(.text)
    __0sscanf                                0x080004a5   Thumb Code    52  __0sscanf.o(.text)
    __aeabi_memcpy                           0x080004e1   Thumb Code     0  rt_memcpy_v6.o(.text)
    __rt_memcpy                              0x080004e1   Thumb Code   138  rt_memcpy_v6.o(.text)
    _memcpy_lastbytes                        0x08000547   Thumb Code     0  rt_memcpy_v6.o(.text)
    __aeabi_memclr4                          0x0800056b   Thumb Code     0  rt_memclr_w.o(.text)
    __aeabi_memclr8                          0x0800056b   Thumb Code     0  rt_memclr_w.o(.text)
    __rt_memclr_w                            0x0800056b   Thumb Code    78  rt_memclr_w.o(.text)
    _memset_w                                0x0800056f   Thumb Code     0  rt_memclr_w.o(.text)
    __use_two_region_memory                  0x080005b9   Thumb Code     2  heapauxi.o(.text)
    __rt_heap_escrow$2region                 0x080005bb   Thumb Code     2  heapauxi.o(.text)
    __rt_heap_expand$2region                 0x080005bd   Thumb Code     2  heapauxi.o(.text)
    __I$use$semihosting                      0x080005bf   Thumb Code     0  use_no_semi.o(.text)
    __use_no_semihosting_swi                 0x080005bf   Thumb Code     2  use_no_semi.o(.text)
    __lib_sel_fp_printf                      0x080005c1   Thumb Code     2  _printf_fp_dec.o(.text)
    _printf_fp_dec_real                      0x0800076f   Thumb Code   620  _printf_fp_dec.o(.text)
    _printf_char_file                        0x080009dd   Thumb Code    32  _printf_char_file.o(.text)
    _scanf_really_real                       0x08000bfd   Thumb Code   668  scanf_fp.o(.text)
    __vfscanf_char                           0x08000eb1   Thumb Code    24  scanf_char.o(.text)
    _sgetc                                   0x08000ed1   Thumb Code    30  _sgetc.o(.text)
    _sbackspace                              0x08000eef   Thumb Code    34  _sgetc.o(.text)
    __aeabi_memcpy4                          0x08000f11   Thumb Code     0  rt_memcpy_w.o(.text)
    __aeabi_memcpy8                          0x08000f11   Thumb Code     0  rt_memcpy_w.o(.text)
    __rt_memcpy_w                            0x08000f11   Thumb Code   100  rt_memcpy_w.o(.text)
    _memcpy_lastbytes_aligned                0x08000f59   Thumb Code     0  rt_memcpy_w.o(.text)
    __rt_locale                              0x08000f75   Thumb Code     8  rt_locale_intlibspace.o(.text)
    __aeabi_errno_addr                       0x08000f7d   Thumb Code     8  rt_errno_addr_intlibspace.o(.text)
    __errno$intlibspace                      0x08000f7d   Thumb Code     0  rt_errno_addr_intlibspace.o(.text)
    __rt_errno_addr$intlibspace              0x08000f7d   Thumb Code     0  rt_errno_addr_intlibspace.o(.text)
    _ll_udiv10                               0x08000f85   Thumb Code   138  lludiv10.o(.text)
    isspace                                  0x0800100f   Thumb Code    18  isspace.o(.text)
    _printf_char_common                      0x0800102b   Thumb Code    32  _printf_char_common.o(.text)
    _printf_fp_infnan                        0x08001051   Thumb Code   112  _printf_fp_infnan.o(.text)
    __vfscanf                                0x080010d1   Thumb Code   878  _scanf.o(.text)
    _btod_etento                             0x08001445   Thumb Code   216  bigflt0.o(.text)
    ferror                                   0x08001521   Thumb Code     8  ferror.o(.text)
    __user_libspace                          0x08001529   Thumb Code     8  libspace.o(.text)
    __user_perproc_libspace                  0x08001529   Thumb Code     0  libspace.o(.text)
    __user_perthread_libspace                0x08001529   Thumb Code     0  libspace.o(.text)
    __user_setup_stackheap                   0x08001531   Thumb Code    74  sys_stackheap_outer.o(.text)
    __rt_ctype_table                         0x0800157d   Thumb Code    16  rt_ctype_table.o(.text)
    __read_errno                             0x0800158d   Thumb Code    10  _rserrno.o(.text)
    __set_errno                              0x08001597   Thumb Code    12  _rserrno.o(.text)
    _scanf_really_hex_real                   0x080015a5   Thumb Code   778  scanf_hexfp.o(.text)
    _scanf_really_infnan                     0x080018bd   Thumb Code   292  scanf_infnan.o(.text)
    exit                                     0x080019f1   Thumb Code    12  exit.o(.text)
    strcmp                                   0x080019fd   Thumb Code   128  strcmpv7m.o(.text)
    __aeabi_llsl                             0x08001a7d   Thumb Code     0  llshl.o(.text)
    _ll_shift_l                              0x08001a7d   Thumb Code    38  llshl.o(.text)
    _chval                                   0x08001aa3   Thumb Code    28  _chval.o(.text)
    _btod_d2e                                0x08001abf   Thumb Code    62  btod.o(CL$$btod_d2e)
    _d2e_denorm_low                          0x08001afd   Thumb Code    70  btod.o(CL$$btod_d2e_denorm_low)
    _d2e_norm_op1                            0x08001b43   Thumb Code    96  btod.o(CL$$btod_d2e_norm_op1)
    __btod_div_common                        0x08001ba3   Thumb Code   696  btod.o(CL$$btod_div_common)
    _e2d                                     0x08001edd   Thumb Code    80  btod.o(CL$$btod_e2d)
    _e2e                                     0x08001f31   Thumb Code   198  btod.o(CL$$btod_e2e)
    _btod_ediv                               0x08001ff7   Thumb Code    40  btod.o(CL$$btod_ediv)
    _btod_edivd                              0x0800201f   Thumb Code    40  btod.o(CL$$btod_edivd)
    _btod_emul                               0x08002047   Thumb Code    40  btod.o(CL$$btod_emul)
    _btod_emuld                              0x0800206f   Thumb Code    40  btod.o(CL$$btod_emuld)
    __btod_mult_common                       0x08002097   Thumb Code   580  btod.o(CL$$btod_mult_common)
    BusFault_Handler                         0x08002491   Thumb Code     2  stm32f4xx_it.o(i.BusFault_Handler)
    DMA2_Stream2_IRQHandler                  0x08002495   Thumb Code     6  stm32f4xx_it.o(i.DMA2_Stream2_IRQHandler)
    DebugMon_Handler                         0x08002545   Thumb Code     2  stm32f4xx_it.o(i.DebugMon_Handler)
    Enable_Uart_O_Control                    0x08002547   Thumb Code    28  uartpack.o(i.Enable_Uart_O_Control)
    Error_Handler                            0x08002563   Thumb Code     4  main.o(i.Error_Handler)
    HAL_ADC_ConfigChannel                    0x08002569   Thumb Code   316  stm32f4xx_hal_adc.o(i.HAL_ADC_ConfigChannel)
    HAL_ADC_ConvCpltCallback                 0x080026b5   Thumb Code     2  stm32f4xx_hal_adc.o(i.HAL_ADC_ConvCpltCallback)
    HAL_ADC_ConvHalfCpltCallback             0x080026b7   Thumb Code     2  stm32f4xx_hal_adc.o(i.HAL_ADC_ConvHalfCpltCallback)
    HAL_ADC_ErrorCallback                    0x080026b9   Thumb Code     2  stm32f4xx_hal_adc.o(i.HAL_ADC_ErrorCallback)
    HAL_ADC_Init                             0x080026bb   Thumb Code    84  stm32f4xx_hal_adc.o(i.HAL_ADC_Init)
    HAL_ADC_MspInit                          0x08002711   Thumb Code   136  adc.o(i.HAL_ADC_MspInit)
    HAL_ADC_Start_DMA                        0x080027ad   Thumb Code   302  stm32f4xx_hal_adc.o(i.HAL_ADC_Start_DMA)
    HAL_DMA_Abort                            0x08002901   Thumb Code   146  stm32f4xx_hal_dma.o(i.HAL_DMA_Abort)
    HAL_DMA_Abort_IT                         0x08002993   Thumb Code    36  stm32f4xx_hal_dma.o(i.HAL_DMA_Abort_IT)
    HAL_DMA_IRQHandler                       0x080029b9   Thumb Code   412  stm32f4xx_hal_dma.o(i.HAL_DMA_IRQHandler)
    HAL_DMA_Init                             0x08002b59   Thumb Code   206  stm32f4xx_hal_dma.o(i.HAL_DMA_Init)
    HAL_DMA_Start_IT                         0x08002c2d   Thumb Code   110  stm32f4xx_hal_dma.o(i.HAL_DMA_Start_IT)
    HAL_Delay                                0x08002c9d   Thumb Code    32  stm32f4xx_hal.o(i.HAL_Delay)
    HAL_GPIO_Init                            0x08002cc1   Thumb Code   450  stm32f4xx_hal_gpio.o(i.HAL_GPIO_Init)
    HAL_GetTick                              0x08002eb1   Thumb Code     6  stm32f4xx_hal.o(i.HAL_GetTick)
    HAL_IncTick                              0x08002ebd   Thumb Code    12  stm32f4xx_hal.o(i.HAL_IncTick)
    HAL_Init                                 0x08002ecd   Thumb Code    48  stm32f4xx_hal.o(i.HAL_Init)
    HAL_InitTick                             0x08002f01   Thumb Code    54  stm32f4xx_hal.o(i.HAL_InitTick)
    HAL_MspInit                              0x08002f41   Thumb Code    48  stm32f4xx_hal_msp.o(i.HAL_MspInit)
    HAL_NVIC_EnableIRQ                       0x08002f75   Thumb Code    26  stm32f4xx_hal_cortex.o(i.HAL_NVIC_EnableIRQ)
    HAL_NVIC_SetPriority                     0x08002f91   Thumb Code    60  stm32f4xx_hal_cortex.o(i.HAL_NVIC_SetPriority)
    HAL_NVIC_SetPriorityGrouping             0x08002fd1   Thumb Code    26  stm32f4xx_hal_cortex.o(i.HAL_NVIC_SetPriorityGrouping)
    HAL_RCC_ClockConfig                      0x08002ff5   Thumb Code   288  stm32f4xx_hal_rcc.o(i.HAL_RCC_ClockConfig)
    HAL_RCC_GetPCLK1Freq                     0x08003129   Thumb Code    20  stm32f4xx_hal_rcc.o(i.HAL_RCC_GetPCLK1Freq)
    HAL_RCC_GetPCLK2Freq                     0x08003149   Thumb Code    20  stm32f4xx_hal_rcc.o(i.HAL_RCC_GetPCLK2Freq)
    HAL_RCC_GetSysClockFreq                  0x08003169   Thumb Code    88  stm32f4xx_hal_rcc.o(i.HAL_RCC_GetSysClockFreq)
    HAL_RCC_OscConfig                        0x080031c9   Thumb Code   856  stm32f4xx_hal_rcc.o(i.HAL_RCC_OscConfig)
    HAL_SYSTICK_Config                       0x08003535   Thumb Code    40  stm32f4xx_hal_cortex.o(i.HAL_SYSTICK_Config)
    HAL_TIMEx_BreakCallback                  0x0800355d   Thumb Code     2  stm32f4xx_hal_tim_ex.o(i.HAL_TIMEx_BreakCallback)
    HAL_TIMEx_CommutCallback                 0x0800355f   Thumb Code     2  stm32f4xx_hal_tim_ex.o(i.HAL_TIMEx_CommutCallback)
    HAL_TIMEx_ConfigBreakDeadTime            0x08003561   Thumb Code    84  stm32f4xx_hal_tim_ex.o(i.HAL_TIMEx_ConfigBreakDeadTime)
    HAL_TIMEx_MasterConfigSynchronization    0x080035b5   Thumb Code   116  stm32f4xx_hal_tim_ex.o(i.HAL_TIMEx_MasterConfigSynchronization)
    HAL_TIMEx_PWMN_Start                     0x08003645   Thumb Code   164  stm32f4xx_hal_tim_ex.o(i.HAL_TIMEx_PWMN_Start)
    HAL_TIM_Base_Init                        0x08003705   Thumb Code    90  stm32f4xx_hal_tim.o(i.HAL_TIM_Base_Init)
    HAL_TIM_Base_MspInit                     0x08003761   Thumb Code    76  tim.o(i.HAL_TIM_Base_MspInit)
    HAL_TIM_Base_Start_IT                    0x080037b9   Thumb Code   100  stm32f4xx_hal_tim.o(i.HAL_TIM_Base_Start_IT)
    HAL_TIM_ConfigClockSource                0x08003839   Thumb Code   220  stm32f4xx_hal_tim.o(i.HAL_TIM_ConfigClockSource)
    HAL_TIM_IC_CaptureCallback               0x08003915   Thumb Code     2  stm32f4xx_hal_tim.o(i.HAL_TIM_IC_CaptureCallback)
    HAL_TIM_IRQHandler                       0x08003917   Thumb Code   358  stm32f4xx_hal_tim.o(i.HAL_TIM_IRQHandler)
    HAL_TIM_MspPostInit                      0x08003a7d   Thumb Code   106  tim.o(i.HAL_TIM_MspPostInit)
    HAL_TIM_OC_DelayElapsedCallback          0x08003af9   Thumb Code     2  stm32f4xx_hal_tim.o(i.HAL_TIM_OC_DelayElapsedCallback)
    HAL_TIM_PWM_ConfigChannel                0x08003afb   Thumb Code   204  stm32f4xx_hal_tim.o(i.HAL_TIM_PWM_ConfigChannel)
    HAL_TIM_PWM_Init                         0x08003bc7   Thumb Code    90  stm32f4xx_hal_tim.o(i.HAL_TIM_PWM_Init)
    HAL_TIM_PWM_MspInit                      0x08003c21   Thumb Code     2  stm32f4xx_hal_tim.o(i.HAL_TIM_PWM_MspInit)
    HAL_TIM_PWM_PulseFinishedCallback        0x08003c23   Thumb Code     2  stm32f4xx_hal_tim.o(i.HAL_TIM_PWM_PulseFinishedCallback)
    HAL_TIM_PWM_Start                        0x08003c25   Thumb Code   172  stm32f4xx_hal_tim.o(i.HAL_TIM_PWM_Start)
    HAL_TIM_PeriodElapsedCallback            0x08003ced   Thumb Code   324  tim.o(i.HAL_TIM_PeriodElapsedCallback)
    HAL_TIM_TriggerCallback                  0x08003e89   Thumb Code     2  stm32f4xx_hal_tim.o(i.HAL_TIM_TriggerCallback)
    HAL_UARTEx_RxEventCallback               0x08003e8b   Thumb Code     2  stm32f4xx_hal_uart.o(i.HAL_UARTEx_RxEventCallback)
    HAL_UART_ErrorCallback                   0x08003e8d   Thumb Code     2  stm32f4xx_hal_uart.o(i.HAL_UART_ErrorCallback)
    HAL_UART_IRQHandler                      0x08003e91   Thumb Code   610  stm32f4xx_hal_uart.o(i.HAL_UART_IRQHandler)
    HAL_UART_Init                            0x080040f9   Thumb Code    98  stm32f4xx_hal_uart.o(i.HAL_UART_Init)
    HAL_UART_MspInit                         0x0800415d   Thumb Code   110  usart.o(i.HAL_UART_MspInit)
    HAL_UART_Receive_IT                      0x080041d9   Thumb Code    42  stm32f4xx_hal_uart.o(i.HAL_UART_Receive_IT)
    HAL_UART_RxCpltCallback                  0x08004205   Thumb Code    18  usart.o(i.HAL_UART_RxCpltCallback)
    HAL_UART_TxCpltCallback                  0x08004225   Thumb Code     2  stm32f4xx_hal_uart.o(i.HAL_UART_TxCpltCallback)
    HardFault_Handler                        0x08004227   Thumb Code     2  stm32f4xx_it.o(i.HardFault_Handler)
    MX_ADC2_Init                             0x08004229   Thumb Code    88  adc.o(i.MX_ADC2_Init)
    MX_DMA_Init                              0x0800428d   Thumb Code    40  dma.o(i.MX_DMA_Init)
    MX_GPIO_Init                             0x080042b9   Thumb Code    54  gpio.o(i.MX_GPIO_Init)
    MX_TIM1_Init                             0x080042f5   Thumb Code   208  tim.o(i.MX_TIM1_Init)
    MX_TIM6_Init                             0x080043cd   Thumb Code    62  tim.o(i.MX_TIM6_Init)
    MX_USART1_UART_Init                      0x08004415   Thumb Code    48  usart.o(i.MX_USART1_UART_Init)
    MemManage_Handler                        0x0800444d   Thumb Code     2  stm32f4xx_it.o(i.MemManage_Handler)
    NMI_Handler                              0x0800444f   Thumb Code     2  stm32f4xx_it.o(i.NMI_Handler)
    PID_Init                                 0x08004451   Thumb Code    16  pid.o(i.PID_Init)
    PID_SingleCalc                           0x08004461   Thumb Code   174  pid.o(i.PID_SingleCalc)
    PendSV_Handler                           0x08004521   Thumb Code     2  stm32f4xx_it.o(i.PendSV_Handler)
    SVC_Handler                              0x08004523   Thumb Code     2  stm32f4xx_it.o(i.SVC_Handler)
    SysTick_Handler                          0x08004525   Thumb Code     4  stm32f4xx_it.o(i.SysTick_Handler)
    SystemClock_Config                       0x08004529   Thumb Code   142  main.o(i.SystemClock_Config)
    SystemInit                               0x080045c1   Thumb Code    12  system_stm32f4xx.o(i.SystemInit)
    TIM6_DAC_IRQHandler                      0x080045d1   Thumb Code     6  stm32f4xx_it.o(i.TIM6_DAC_IRQHandler)
    TIM6_START_IT                            0x080045dd   Thumb Code     6  tim.o(i.TIM6_START_IT)
    TIM_Base_SetConfig                       0x080045e9   Thumb Code   156  stm32f4xx_hal_tim.o(i.TIM_Base_SetConfig)
    TIM_CCxChannelCmd                        0x080046b1   Thumb Code    26  stm32f4xx_hal_tim.o(i.TIM_CCxChannelCmd)
    TIM_ETR_SetConfig                        0x080046e5   Thumb Code    20  stm32f4xx_hal_tim.o(i.TIM_ETR_SetConfig)
    TIM_OC2_SetConfig                        0x08004769   Thumb Code    98  stm32f4xx_hal_tim.o(i.TIM_OC2_SetConfig)
    UART_Start_Receive_IT                    0x08004afd   Thumb Code    54  stm32f4xx_hal_uart.o(i.UART_Start_Receive_IT)
    USART1_IRQHandler                        0x08004b35   Thumb Code     6  stm32f4xx_it.o(i.USART1_IRQHandler)
    Uart_O_Data_Process                      0x08004b41   Thumb Code    98  uartpack.o(i.Uart_O_Data_Process)
    Uart_O_Timeout_Check                     0x08004ba3   Thumb Code    70  uartpack.o(i.Uart_O_Timeout_Check)
    UsageFault_Handler                       0x08004be9   Thumb Code     2  stm32f4xx_it.o(i.UsageFault_Handler)
    __ARM_fpclassify                         0x08004beb   Thumb Code    48  fpclassify.o(i.__ARM_fpclassify)
    __hardfp_ldexp                           0x08004c41   Thumb Code   200  ldexp.o(i.__hardfp_ldexp)
    __mathlib_dbl_overflow                   0x08004d11   Thumb Code    24  dunder.o(i.__mathlib_dbl_overflow)
    __mathlib_dbl_underflow                  0x08004d31   Thumb Code    24  dunder.o(i.__mathlib_dbl_underflow)
    __mathlib_narrow                         0x08004d51   Thumb Code   166  narrow.o(i.__mathlib_narrow)
    __support_ldexp                          0x08004e09   Thumb Code    20  ldexp.o(i.__support_ldexp)
    _is_digit                                0x08004e1d   Thumb Code    14  __printf_wp.o(i._is_digit)
    _sys_exit                                0x08004e2b   Thumb Code     2  usart.o(i._sys_exit)
    fputc                                    0x08004e2d   Thumb Code    14  usart.o(i.fputc)
    frexp                                    0x08004e41   Thumb Code   118  frexp.o(i.frexp)
    main                                     0x08004ecd   Thumb Code   136  main.o(i.main)
    pwm_start                                0x08004f7d   Thumb Code    38  tim.o(i.pwm_start)
    volte_change                             0x08004fa9   Thumb Code    60  pid.o(i.volte_change)
    _get_lc_numeric                          0x08004fed   Thumb Code    44  lc_numeric_c.o(locale$$code)
    _get_lc_ctype                            0x08005019   Thumb Code    44  lc_ctype_c.o(locale$$code)
    __aeabi_d2f                              0x08005045   Thumb Code     0  d2f.o(x$fpl$d2f)
    _d2f                                     0x08005045   Thumb Code    98  d2f.o(x$fpl$d2f)
    __fpl_dcheck_NaN1                        0x080050a9   Thumb Code    10  dcheck1.o(x$fpl$dcheck1)
    __fpl_dcmp_Inf                           0x080050b9   Thumb Code    24  dcmpi.o(x$fpl$dcmpinf)
    __aeabi_ddiv                             0x080050d1   Thumb Code     0  ddiv.o(x$fpl$ddiv)
    _ddiv                                    0x080050d1   Thumb Code   552  ddiv.o(x$fpl$ddiv)
    __aeabi_cdcmpeq                          0x08005381   Thumb Code     0  deqf.o(x$fpl$deqf)
    _dcmpeq                                  0x08005381   Thumb Code   120  deqf.o(x$fpl$deqf)
    __aeabi_ui2d                             0x080053f9   Thumb Code     0  dflt_clz.o(x$fpl$dfltu)
    _dfltu                                   0x080053f9   Thumb Code    38  dflt_clz.o(x$fpl$dfltu)
    __aeabi_cdcmple                          0x08005421   Thumb Code     0  dleqf.o(x$fpl$dleqf)
    _dcmple                                  0x08005421   Thumb Code   120  dleqf.o(x$fpl$dleqf)
    __fpl_dcmple_InfNaN                      0x08005483   Thumb Code     0  dleqf.o(x$fpl$dleqf)
    __aeabi_dmul                             0x08005499   Thumb Code     0  dmul.o(x$fpl$dmul)
    _dmul                                    0x08005499   Thumb Code   332  dmul.o(x$fpl$dmul)
    __fpl_dnaninf                            0x080055ed   Thumb Code   156  dnaninf.o(x$fpl$dnaninf)
    __fpl_dretinf                            0x08005689   Thumb Code    12  dretinf.o(x$fpl$dretinf)
    __aeabi_cdrcmple                         0x08005695   Thumb Code     0  drleqf.o(x$fpl$drleqf)
    _drcmple                                 0x08005695   Thumb Code   108  drleqf.o(x$fpl$drleqf)
    __aeabi_f2d                              0x08005701   Thumb Code     0  f2d.o(x$fpl$f2d)
    _f2d                                     0x08005701   Thumb Code    86  f2d.o(x$fpl$f2d)
    __fpl_fnaninf                            0x08005757   Thumb Code   140  fnaninf.o(x$fpl$fnaninf)
    _fp_init                                 0x080057e3   Thumb Code    10  fpinit.o(x$fpl$fpinit)
    __fplib_config_fpu_vfp                   0x080057eb   Thumb Code     0  fpinit.o(x$fpl$fpinit)
    __fplib_config_pureend_doubles           0x080057eb   Thumb Code     0  fpinit.o(x$fpl$fpinit)
    __fpl_fretinf                            0x080057ed   Thumb Code    10  fretinf.o(x$fpl$fretinf)
    _printf_fp_dec                           0x080057f7   Thumb Code     4  printf1.o(x$fpl$printf1)
    __fpl_return_NaN                         0x080057fb   Thumb Code   100  retnan.o(x$fpl$retnan)
    __ARM_scalbn                             0x0800585f   Thumb Code    92  scalbn.o(x$fpl$scalbn)
    _scanf_real                              0x080058bb   Thumb Code     4  scanf1.o(x$fpl$scanf1)
    _scanf_hex_real                          0x080058bf   Thumb Code     4  scanf2.o(x$fpl$scanf2)
    _scanf_infnan                            0x080058c3   Thumb Code     4  scanf2.o(x$fpl$scanf2)
    __fpl_cmpreturn                          0x080058c7   Thumb Code    48  trapv.o(x$fpl$trapveneer)
    __I$use$fp                               0x080058f6   Number         0  usenofp.o(x$fpl$usenofp)
    AHBPrescTable                            0x080058fe   Data          16  system_stm32f4xx.o(.constdata)
    APBPrescTable                            0x0800590e   Data           8  system_stm32f4xx.o(.constdata)
    Region$$Table$$Base                      0x080059ac   Number         0  anon$$obj.o(Region$$Table)
    Region$$Table$$Limit                     0x080059cc   Number         0  anon$$obj.o(Region$$Table)
    __aeabi_HUGE_VAL                         0x080059cc   Data           0  fpconst.o(c$$dinf)
    __aeabi_HUGE_VALL                        0x080059cc   Data           0  fpconst.o(c$$dinf)
    __aeabi_INFINITY                         0x080059cc   Data           0  fpconst.o(c$$dinf)
    __dInf                                   0x080059cc   Data           0  fpconst.o(c$$dinf)
    __huge_val                               0x080059cc   Data           0  fpconst.o(c$$dinf)
    __ctype                                  0x080059fd   Data           0  lc_ctype_c.o(locale$$data)
    adc_average                              0x20000008   Data           4  main.o(.data)
    __stdout                                 0x20000014   Data           4  usart.o(.data)
    uwTickFreq                               0x20000018   Data           1  stm32f4xx_hal.o(.data)
    uwTickPrio                               0x2000001c   Data           4  stm32f4xx_hal.o(.data)
    uwTick                                   0x20000020   Data           4  stm32f4xx_hal.o(.data)
    SystemCoreClock                          0x20000024   Data           4  system_stm32f4xx.o(.data)
    adc_volte                                0x20000028   Data         200  main.o(.bss)
    pid                                      0x200000f0   Data          44  main.o(.bss)
    uart1                                    0x2000011c   Data         272  main.o(.bss)
    hadc2                                    0x2000022c   Data          72  adc.o(.bss)
    hdma_adc2                                0x20000274   Data          96  adc.o(.bss)
    htim1                                    0x200002d4   Data          72  tim.o(.bss)
    htim6                                    0x2000031c   Data          72  tim.o(.bss)
    huart1                                   0x20000364   Data          68  usart.o(.bss)
    __libspace_start                         0x200003a8   Data          96  libspace.o(.bss)
    __temporary_stack_top$libspace           0x20000408   Data           0  libspace.o(.bss)



==============================================================================

Memory Map of the image

  Image Entry point : 0x08000189

  Load Region LR_IROM1 (Base: 0x08000000, Size: 0x00005b28, Max: 0x00100000, ABSOLUTE)

    Execution Region ER_IROM1 (Base: 0x08000000, Size: 0x00005b00, Max: 0x00100000, ABSOLUTE)

    Base Addr    Size         Type   Attr      Idx    E Section Name        Object

    0x08000000   0x00000188   Data   RO            3    RESET               startup_stm32f407xx.o
    0x08000188   0x00000008   Code   RO         3475  * !!!main             c_w.l(__main.o)
    0x08000190   0x00000034   Code   RO         3832    !!!scatter          c_w.l(__scatter.o)
    0x080001c4   0x0000001a   Code   RO         3834    !!handler_copy      c_w.l(__scatter_copy.o)
    0x080001de   0x00000002   PAD
    0x080001e0   0x0000001c   Code   RO         3836    !!handler_zi        c_w.l(__scatter_zi.o)
    0x080001fc   0x00000000   Code   RO         3466    .ARM.Collect$$_printf_percent$$00000000  c_w.l(_printf_percent.o)
    0x080001fc   0x00000006   Code   RO         3465    .ARM.Collect$$_printf_percent$$00000003  c_w.l(_printf_f.o)
    0x08000202   0x00000004   Code   RO         3508    .ARM.Collect$$_printf_percent$$00000017  c_w.l(_printf_percent_end.o)
    0x08000206   0x00000002   Code   RO         3644    .ARM.Collect$$libinit$$00000000  c_w.l(libinit.o)
    0x08000208   0x00000004   Code   RO         3645    .ARM.Collect$$libinit$$00000001  c_w.l(libinit2.o)
    0x0800020c   0x00000000   Code   RO         3648    .ARM.Collect$$libinit$$00000004  c_w.l(libinit2.o)
    0x0800020c   0x00000000   Code   RO         3651    .ARM.Collect$$libinit$$0000000A  c_w.l(libinit2.o)
    0x0800020c   0x00000000   Code   RO         3653    .ARM.Collect$$libinit$$0000000C  c_w.l(libinit2.o)
    0x0800020c   0x00000000   Code   RO         3655    .ARM.Collect$$libinit$$0000000E  c_w.l(libinit2.o)
    0x0800020c   0x00000006   Code   RO         3656    .ARM.Collect$$libinit$$0000000F  c_w.l(libinit2.o)
    0x08000212   0x00000000   Code   RO         3658    .ARM.Collect$$libinit$$00000011  c_w.l(libinit2.o)
    0x08000212   0x0000000c   Code   RO         3659    .ARM.Collect$$libinit$$00000012  c_w.l(libinit2.o)
    0x0800021e   0x00000000   Code   RO         3660    .ARM.Collect$$libinit$$00000013  c_w.l(libinit2.o)
    0x0800021e   0x00000000   Code   RO         3662    .ARM.Collect$$libinit$$00000015  c_w.l(libinit2.o)
    0x0800021e   0x0000000a   Code   RO         3663    .ARM.Collect$$libinit$$00000016  c_w.l(libinit2.o)
    0x08000228   0x00000000   Code   RO         3664    .ARM.Collect$$libinit$$00000017  c_w.l(libinit2.o)
    0x08000228   0x00000000   Code   RO         3666    .ARM.Collect$$libinit$$00000019  c_w.l(libinit2.o)
    0x08000228   0x00000000   Code   RO         3668    .ARM.Collect$$libinit$$0000001B  c_w.l(libinit2.o)
    0x08000228   0x00000000   Code   RO         3670    .ARM.Collect$$libinit$$0000001D  c_w.l(libinit2.o)
    0x08000228   0x00000000   Code   RO         3672    .ARM.Collect$$libinit$$0000001F  c_w.l(libinit2.o)
    0x08000228   0x00000000   Code   RO         3674    .ARM.Collect$$libinit$$00000021  c_w.l(libinit2.o)
    0x08000228   0x00000000   Code   RO         3676    .ARM.Collect$$libinit$$00000023  c_w.l(libinit2.o)
    0x08000228   0x00000000   Code   RO         3678    .ARM.Collect$$libinit$$00000025  c_w.l(libinit2.o)
    0x08000228   0x00000000   Code   RO         3682    .ARM.Collect$$libinit$$0000002C  c_w.l(libinit2.o)
    0x08000228   0x00000000   Code   RO         3684    .ARM.Collect$$libinit$$0000002E  c_w.l(libinit2.o)
    0x08000228   0x00000000   Code   RO         3686    .ARM.Collect$$libinit$$00000030  c_w.l(libinit2.o)
    0x08000228   0x00000000   Code   RO         3688    .ARM.Collect$$libinit$$00000032  c_w.l(libinit2.o)
    0x08000228   0x00000002   Code   RO         3689    .ARM.Collect$$libinit$$00000033  c_w.l(libinit2.o)
    0x0800022a   0x00000002   Code   RO         3785    .ARM.Collect$$libshutdown$$00000000  c_w.l(libshutdown.o)
    0x0800022c   0x00000000   Code   RO         3813    .ARM.Collect$$libshutdown$$00000003  c_w.l(libshutdown2.o)
    0x0800022c   0x00000000   Code   RO         3816    .ARM.Collect$$libshutdown$$00000006  c_w.l(libshutdown2.o)
    0x0800022c   0x00000000   Code   RO         3819    .ARM.Collect$$libshutdown$$00000009  c_w.l(libshutdown2.o)
    0x0800022c   0x00000000   Code   RO         3821    .ARM.Collect$$libshutdown$$0000000B  c_w.l(libshutdown2.o)
    0x0800022c   0x00000000   Code   RO         3824    .ARM.Collect$$libshutdown$$0000000E  c_w.l(libshutdown2.o)
    0x0800022c   0x00000002   Code   RO         3825    .ARM.Collect$$libshutdown$$0000000F  c_w.l(libshutdown2.o)
    0x0800022e   0x00000000   Code   RO         3499    .ARM.Collect$$rtentry$$00000000  c_w.l(__rtentry.o)
    0x0800022e   0x00000000   Code   RO         3527    .ARM.Collect$$rtentry$$00000002  c_w.l(__rtentry2.o)
    0x0800022e   0x00000006   Code   RO         3539    .ARM.Collect$$rtentry$$00000004  c_w.l(__rtentry4.o)
    0x08000234   0x00000000   Code   RO         3529    .ARM.Collect$$rtentry$$00000009  c_w.l(__rtentry2.o)
    0x08000234   0x00000004   Code   RO         3530    .ARM.Collect$$rtentry$$0000000A  c_w.l(__rtentry2.o)
    0x08000238   0x00000000   Code   RO         3532    .ARM.Collect$$rtentry$$0000000C  c_w.l(__rtentry2.o)
    0x08000238   0x00000008   Code   RO         3533    .ARM.Collect$$rtentry$$0000000D  c_w.l(__rtentry2.o)
    0x08000240   0x00000002   Code   RO         3700    .ARM.Collect$$rtexit$$00000000  c_w.l(rtexit.o)
    0x08000242   0x00000000   Code   RO         3740    .ARM.Collect$$rtexit$$00000002  c_w.l(rtexit2.o)
    0x08000242   0x00000004   Code   RO         3741    .ARM.Collect$$rtexit$$00000003  c_w.l(rtexit2.o)
    0x08000246   0x00000006   Code   RO         3742    .ARM.Collect$$rtexit$$00000004  c_w.l(rtexit2.o)
    0x0800024c   0x00000040   Code   RO            4    .text               startup_stm32f407xx.o
    0x0800028c   0x00000002   Code   RO         3435    .text               c_w.l(use_no_semi_2.o)
    0x0800028e   0x000000ee   Code   RO         3437    .text               c_w.l(lludivv7m.o)
    0x0800037c   0x00000018   Code   RO         3441    .text               c_w.l(noretval__2printf.o)
    0x08000394   0x0000010e   Code   RO         3453    .text               c_w.l(__printf_wp.o)
    0x080004a2   0x00000002   PAD
    0x080004a4   0x0000003c   Code   RO         3467    .text               c_w.l(__0sscanf.o)
    0x080004e0   0x0000008a   Code   RO         3469    .text               c_w.l(rt_memcpy_v6.o)
    0x0800056a   0x0000004e   Code   RO         3471    .text               c_w.l(rt_memclr_w.o)
    0x080005b8   0x00000006   Code   RO         3473    .text               c_w.l(heapauxi.o)
    0x080005be   0x00000002   Code   RO         3497    .text               c_w.l(use_no_semi.o)
    0x080005c0   0x0000041a   Code   RO         3504    .text               c_w.l(_printf_fp_dec.o)
    0x080009da   0x00000002   PAD
    0x080009dc   0x00000024   Code   RO         3506    .text               c_w.l(_printf_char_file.o)
    0x08000a00   0x000004a4   Code   RO         3509    .text               c_w.l(scanf_fp.o)
    0x08000ea4   0x0000002c   Code   RO         3511    .text               c_w.l(scanf_char.o)
    0x08000ed0   0x00000040   Code   RO         3513    .text               c_w.l(_sgetc.o)
    0x08000f10   0x00000064   Code   RO         3515    .text               c_w.l(rt_memcpy_w.o)
    0x08000f74   0x00000008   Code   RO         3546    .text               c_w.l(rt_locale_intlibspace.o)
    0x08000f7c   0x00000008   Code   RO         3551    .text               c_w.l(rt_errno_addr_intlibspace.o)
    0x08000f84   0x0000008a   Code   RO         3553    .text               c_w.l(lludiv10.o)
    0x0800100e   0x00000012   Code   RO         3555    .text               c_w.l(isspace.o)
    0x08001020   0x00000030   Code   RO         3557    .text               c_w.l(_printf_char_common.o)
    0x08001050   0x00000080   Code   RO         3559    .text               c_w.l(_printf_fp_infnan.o)
    0x080010d0   0x00000374   Code   RO         3561    .text               c_w.l(_scanf.o)
    0x08001444   0x000000dc   Code   RO         3563    .text               c_w.l(bigflt0.o)
    0x08001520   0x00000008   Code   RO         3588    .text               c_w.l(ferror.o)
    0x08001528   0x00000008   Code   RO         3616    .text               c_w.l(libspace.o)
    0x08001530   0x0000004a   Code   RO         3619    .text               c_w.l(sys_stackheap_outer.o)
    0x0800157a   0x00000002   PAD
    0x0800157c   0x00000010   Code   RO         3621    .text               c_w.l(rt_ctype_table.o)
    0x0800158c   0x00000016   Code   RO         3623    .text               c_w.l(_rserrno.o)
    0x080015a2   0x00000002   PAD
    0x080015a4   0x00000318   Code   RO         3627    .text               c_w.l(scanf_hexfp.o)
    0x080018bc   0x00000134   Code   RO         3629    .text               c_w.l(scanf_infnan.o)
    0x080019f0   0x0000000c   Code   RO         3631    .text               c_w.l(exit.o)
    0x080019fc   0x00000080   Code   RO         3637    .text               c_w.l(strcmpv7m.o)
    0x08001a7c   0x00000026   Code   RO         3704    .text               c_w.l(llshl.o)
    0x08001aa2   0x0000001c   Code   RO         3706    .text               c_w.l(_chval.o)
    0x08001abe   0x0000003e   Code   RO         3566    CL$$btod_d2e        c_w.l(btod.o)
    0x08001afc   0x00000046   Code   RO         3568    CL$$btod_d2e_denorm_low  c_w.l(btod.o)
    0x08001b42   0x00000060   Code   RO         3567    CL$$btod_d2e_norm_op1  c_w.l(btod.o)
    0x08001ba2   0x00000338   Code   RO         3576    CL$$btod_div_common  c_w.l(btod.o)
    0x08001eda   0x00000002   PAD
    0x08001edc   0x00000054   Code   RO         3574    CL$$btod_e2d        c_w.l(btod.o)
    0x08001f30   0x000000c6   Code   RO         3573    CL$$btod_e2e        c_w.l(btod.o)
    0x08001ff6   0x00000028   Code   RO         3570    CL$$btod_ediv       c_w.l(btod.o)
    0x0800201e   0x00000028   Code   RO         3572    CL$$btod_edivd      c_w.l(btod.o)
    0x08002046   0x00000028   Code   RO         3569    CL$$btod_emul       c_w.l(btod.o)
    0x0800206e   0x00000028   Code   RO         3571    CL$$btod_emuld      c_w.l(btod.o)
    0x08002096   0x00000244   Code   RO         3575    CL$$btod_mult_common  c_w.l(btod.o)
    0x080022da   0x0000006e   Code   RO          658    i.ADC_DMAConvCplt   stm32f4xx_hal_adc.o
    0x08002348   0x00000016   Code   RO          659    i.ADC_DMAError      stm32f4xx_hal_adc.o
    0x0800235e   0x0000000a   Code   RO          660    i.ADC_DMAHalfConvCplt  stm32f4xx_hal_adc.o
    0x08002368   0x00000128   Code   RO          661    i.ADC_Init          stm32f4xx_hal_adc.o
    0x08002490   0x00000002   Code   RO          540    i.BusFault_Handler  stm32f4xx_it.o
    0x08002492   0x00000002   PAD
    0x08002494   0x0000000c   Code   RO          541    i.DMA2_Stream2_IRQHandler  stm32f4xx_it.o
    0x080024a0   0x00000028   Code   RO         1395    i.DMA_CalcBaseAndBitshift  stm32f4xx_hal_dma.o
    0x080024c8   0x00000054   Code   RO         1396    i.DMA_CheckFifoParam  stm32f4xx_hal_dma.o
    0x0800251c   0x00000028   Code   RO         1397    i.DMA_SetConfig     stm32f4xx_hal_dma.o
    0x08002544   0x00000002   Code   RO          542    i.DebugMon_Handler  stm32f4xx_it.o
    0x08002546   0x0000001c   Code   RO          170    i.Enable_Uart_O_Control  uartpack.o
    0x08002562   0x00000004   Code   RO          238    i.Error_Handler     main.o
    0x08002566   0x00000002   PAD
    0x08002568   0x0000014c   Code   RO          663    i.HAL_ADC_ConfigChannel  stm32f4xx_hal_adc.o
    0x080026b4   0x00000002   Code   RO          664    i.HAL_ADC_ConvCpltCallback  stm32f4xx_hal_adc.o
    0x080026b6   0x00000002   Code   RO          665    i.HAL_ADC_ConvHalfCpltCallback  stm32f4xx_hal_adc.o
    0x080026b8   0x00000002   Code   RO          667    i.HAL_ADC_ErrorCallback  stm32f4xx_hal_adc.o
    0x080026ba   0x00000054   Code   RO          672    i.HAL_ADC_Init      stm32f4xx_hal_adc.o
    0x0800270e   0x00000002   PAD
    0x08002710   0x0000009c   Code   RO          330    i.HAL_ADC_MspInit   adc.o
    0x080027ac   0x00000154   Code   RO          679    i.HAL_ADC_Start_DMA  stm32f4xx_hal_adc.o
    0x08002900   0x00000092   Code   RO         1398    i.HAL_DMA_Abort     stm32f4xx_hal_dma.o
    0x08002992   0x00000024   Code   RO         1399    i.HAL_DMA_Abort_IT  stm32f4xx_hal_dma.o
    0x080029b6   0x00000002   PAD
    0x080029b8   0x000001a0   Code   RO         1403    i.HAL_DMA_IRQHandler  stm32f4xx_hal_dma.o
    0x08002b58   0x000000d4   Code   RO         1404    i.HAL_DMA_Init      stm32f4xx_hal_dma.o
    0x08002c2c   0x0000006e   Code   RO         1408    i.HAL_DMA_Start_IT  stm32f4xx_hal_dma.o
    0x08002c9a   0x00000002   PAD
    0x08002c9c   0x00000024   Code   RO         1817    i.HAL_Delay         stm32f4xx_hal.o
    0x08002cc0   0x000001f0   Code   RO         1291    i.HAL_GPIO_Init     stm32f4xx_hal_gpio.o
    0x08002eb0   0x0000000c   Code   RO         1823    i.HAL_GetTick       stm32f4xx_hal.o
    0x08002ebc   0x00000010   Code   RO         1829    i.HAL_IncTick       stm32f4xx_hal.o
    0x08002ecc   0x00000034   Code   RO         1830    i.HAL_Init          stm32f4xx_hal.o
    0x08002f00   0x00000040   Code   RO         1831    i.HAL_InitTick      stm32f4xx_hal.o
    0x08002f40   0x00000034   Code   RO          634    i.HAL_MspInit       stm32f4xx_hal_msp.o
    0x08002f74   0x0000001a   Code   RO         1680    i.HAL_NVIC_EnableIRQ  stm32f4xx_hal_cortex.o
    0x08002f8e   0x00000002   PAD
    0x08002f90   0x00000040   Code   RO         1686    i.HAL_NVIC_SetPriority  stm32f4xx_hal_cortex.o
    0x08002fd0   0x00000024   Code   RO         1687    i.HAL_NVIC_SetPriorityGrouping  stm32f4xx_hal_cortex.o
    0x08002ff4   0x00000134   Code   RO          937    i.HAL_RCC_ClockConfig  stm32f4xx_hal_rcc.o
    0x08003128   0x00000020   Code   RO          944    i.HAL_RCC_GetPCLK1Freq  stm32f4xx_hal_rcc.o
    0x08003148   0x00000020   Code   RO          945    i.HAL_RCC_GetPCLK2Freq  stm32f4xx_hal_rcc.o
    0x08003168   0x00000060   Code   RO          946    i.HAL_RCC_GetSysClockFreq  stm32f4xx_hal_rcc.o
    0x080031c8   0x0000036c   Code   RO          949    i.HAL_RCC_OscConfig  stm32f4xx_hal_rcc.o
    0x08003534   0x00000028   Code   RO         1691    i.HAL_SYSTICK_Config  stm32f4xx_hal_cortex.o
    0x0800355c   0x00000002   Code   RO         2774    i.HAL_TIMEx_BreakCallback  stm32f4xx_hal_tim_ex.o
    0x0800355e   0x00000002   Code   RO         2775    i.HAL_TIMEx_CommutCallback  stm32f4xx_hal_tim_ex.o
    0x08003560   0x00000054   Code   RO         2777    i.HAL_TIMEx_ConfigBreakDeadTime  stm32f4xx_hal_tim_ex.o
    0x080035b4   0x00000090   Code   RO         2793    i.HAL_TIMEx_MasterConfigSynchronization  stm32f4xx_hal_tim_ex.o
    0x08003644   0x000000c0   Code   RO         2804    i.HAL_TIMEx_PWMN_Start  stm32f4xx_hal_tim_ex.o
    0x08003704   0x0000005a   Code   RO         2070    i.HAL_TIM_Base_Init  stm32f4xx_hal_tim.o
    0x0800375e   0x00000002   PAD
    0x08003760   0x00000058   Code   RO          396    i.HAL_TIM_Base_MspInit  tim.o
    0x080037b8   0x00000080   Code   RO         2075    i.HAL_TIM_Base_Start_IT  stm32f4xx_hal_tim.o
    0x08003838   0x000000dc   Code   RO         2079    i.HAL_TIM_ConfigClockSource  stm32f4xx_hal_tim.o
    0x08003914   0x00000002   Code   RO         2104    i.HAL_TIM_IC_CaptureCallback  stm32f4xx_hal_tim.o
    0x08003916   0x00000166   Code   RO         2118    i.HAL_TIM_IRQHandler  stm32f4xx_hal_tim.o
    0x08003a7c   0x0000007c   Code   RO          397    i.HAL_TIM_MspPostInit  tim.o
    0x08003af8   0x00000002   Code   RO         2121    i.HAL_TIM_OC_DelayElapsedCallback  stm32f4xx_hal_tim.o
    0x08003afa   0x000000cc   Code   RO         2142    i.HAL_TIM_PWM_ConfigChannel  stm32f4xx_hal_tim.o
    0x08003bc6   0x0000005a   Code   RO         2145    i.HAL_TIM_PWM_Init  stm32f4xx_hal_tim.o
    0x08003c20   0x00000002   Code   RO         2147    i.HAL_TIM_PWM_MspInit  stm32f4xx_hal_tim.o
    0x08003c22   0x00000002   Code   RO         2148    i.HAL_TIM_PWM_PulseFinishedCallback  stm32f4xx_hal_tim.o
    0x08003c24   0x000000c8   Code   RO         2150    i.HAL_TIM_PWM_Start  stm32f4xx_hal_tim.o
    0x08003cec   0x0000019c   Code   RO          398    i.HAL_TIM_PeriodElapsedCallback  tim.o
    0x08003e88   0x00000002   Code   RO         2161    i.HAL_TIM_TriggerCallback  stm32f4xx_hal_tim.o
    0x08003e8a   0x00000002   Code   RO         3052    i.HAL_UARTEx_RxEventCallback  stm32f4xx_hal_uart.o
    0x08003e8c   0x00000002   Code   RO         3066    i.HAL_UART_ErrorCallback  stm32f4xx_hal_uart.o
    0x08003e8e   0x00000002   PAD
    0x08003e90   0x00000268   Code   RO         3069    i.HAL_UART_IRQHandler  stm32f4xx_hal_uart.o
    0x080040f8   0x00000062   Code   RO         3070    i.HAL_UART_Init     stm32f4xx_hal_uart.o
    0x0800415a   0x00000002   PAD
    0x0800415c   0x0000007c   Code   RO          475    i.HAL_UART_MspInit  usart.o
    0x080041d8   0x0000002a   Code   RO         3075    i.HAL_UART_Receive_IT  stm32f4xx_hal_uart.o
    0x08004202   0x00000002   PAD
    0x08004204   0x00000020   Code   RO          476    i.HAL_UART_RxCpltCallback  usart.o
    0x08004224   0x00000002   Code   RO         3081    i.HAL_UART_TxCpltCallback  stm32f4xx_hal_uart.o
    0x08004226   0x00000002   Code   RO          543    i.HardFault_Handler  stm32f4xx_it.o
    0x08004228   0x00000064   Code   RO          331    i.MX_ADC2_Init      adc.o
    0x0800428c   0x0000002c   Code   RO          371    i.MX_DMA_Init       dma.o
    0x080042b8   0x0000003c   Code   RO          305    i.MX_GPIO_Init      gpio.o
    0x080042f4   0x000000d8   Code   RO          399    i.MX_TIM1_Init      tim.o
    0x080043cc   0x00000048   Code   RO          400    i.MX_TIM6_Init      tim.o
    0x08004414   0x00000038   Code   RO          477    i.MX_USART1_UART_Init  usart.o
    0x0800444c   0x00000002   Code   RO          544    i.MemManage_Handler  stm32f4xx_it.o
    0x0800444e   0x00000002   Code   RO          545    i.NMI_Handler       stm32f4xx_it.o
    0x08004450   0x00000010   Code   RO           14    i.PID_Init          pid.o
    0x08004460   0x000000c0   Code   RO           15    i.PID_SingleCalc    pid.o
    0x08004520   0x00000002   Code   RO          546    i.PendSV_Handler    stm32f4xx_it.o
    0x08004522   0x00000002   Code   RO          547    i.SVC_Handler       stm32f4xx_it.o
    0x08004524   0x00000004   Code   RO          548    i.SysTick_Handler   stm32f4xx_it.o
    0x08004528   0x00000098   Code   RO          239    i.SystemClock_Config  main.o
    0x080045c0   0x00000010   Code   RO         3399    i.SystemInit        system_stm32f4xx.o
    0x080045d0   0x0000000c   Code   RO          549    i.TIM6_DAC_IRQHandler  stm32f4xx_it.o
    0x080045dc   0x0000000c   Code   RO          401    i.TIM6_START_IT     tim.o
    0x080045e8   0x000000c8   Code   RO         2163    i.TIM_Base_SetConfig  stm32f4xx_hal_tim.o
    0x080046b0   0x0000001a   Code   RO         2164    i.TIM_CCxChannelCmd  stm32f4xx_hal_tim.o
    0x080046ca   0x0000001a   Code   RO         2813    i.TIM_CCxNChannelCmd  stm32f4xx_hal_tim_ex.o
    0x080046e4   0x00000014   Code   RO         2174    i.TIM_ETR_SetConfig  stm32f4xx_hal_tim.o
    0x080046f8   0x00000010   Code   RO         2175    i.TIM_ITRx_SetConfig  stm32f4xx_hal_tim.o
    0x08004708   0x00000060   Code   RO         2176    i.TIM_OC1_SetConfig  stm32f4xx_hal_tim.o
    0x08004768   0x0000006c   Code   RO         2177    i.TIM_OC2_SetConfig  stm32f4xx_hal_tim.o
    0x080047d4   0x00000068   Code   RO         2178    i.TIM_OC3_SetConfig  stm32f4xx_hal_tim.o
    0x0800483c   0x00000050   Code   RO         2179    i.TIM_OC4_SetConfig  stm32f4xx_hal_tim.o
    0x0800488c   0x00000022   Code   RO         2181    i.TIM_TI1_ConfigInputStage  stm32f4xx_hal_tim.o
    0x080048ae   0x00000024   Code   RO         2183    i.TIM_TI2_ConfigInputStage  stm32f4xx_hal_tim.o
    0x080048d2   0x00000010   Code   RO         3083    i.UART_DMAAbortOnError  stm32f4xx_hal_uart.o
    0x080048e2   0x0000004e   Code   RO         3093    i.UART_EndRxTransfer  stm32f4xx_hal_uart.o
    0x08004930   0x000000c0   Code   RO         3095    i.UART_Receive_IT   stm32f4xx_hal_uart.o
    0x080049f0   0x0000010c   Code   RO         3096    i.UART_SetConfig    stm32f4xx_hal_uart.o
    0x08004afc   0x00000036   Code   RO         3098    i.UART_Start_Receive_IT  stm32f4xx_hal_uart.o
    0x08004b32   0x00000002   PAD
    0x08004b34   0x0000000c   Code   RO          550    i.USART1_IRQHandler  stm32f4xx_it.o
    0x08004b40   0x00000062   Code   RO          172    i.Uart_O_Data_Process  uartpack.o
    0x08004ba2   0x00000046   Code   RO          173    i.Uart_O_Timeout_Check  uartpack.o
    0x08004be8   0x00000002   Code   RO          551    i.UsageFault_Handler  stm32f4xx_it.o
    0x08004bea   0x00000030   Code   RO         3606    i.__ARM_fpclassify  m_wm.l(fpclassify.o)
    0x08004c1a   0x00000020   Code   RO         1693    i.__NVIC_SetPriority  stm32f4xx_hal_cortex.o
    0x08004c3a   0x00000006   PAD
    0x08004c40   0x000000d0   Code   RO         3723    i.__hardfp_ldexp    m_wm.l(ldexp.o)
    0x08004d10   0x00000020   Code   RO         3760    i.__mathlib_dbl_overflow  m_wm.l(dunder.o)
    0x08004d30   0x00000020   Code   RO         3762    i.__mathlib_dbl_underflow  m_wm.l(dunder.o)
    0x08004d50   0x000000b8   Code   RO         3609    i.__mathlib_narrow  m_wm.l(narrow.o)
    0x08004e08   0x00000014   Code   RO         3725    i.__support_ldexp   m_wm.l(ldexp.o)
    0x08004e1c   0x0000000e   Code   RO         3455    i._is_digit         c_w.l(__printf_wp.o)
    0x08004e2a   0x00000002   Code   RO          478    i._sys_exit         usart.o
    0x08004e2c   0x00000014   Code   RO          479    i.fputc             usart.o
    0x08004e40   0x0000008c   Code   RO         3696    i.frexp             m_wm.l(frexp.o)
    0x08004ecc   0x000000b0   Code   RO          240    i.main              main.o
    0x08004f7c   0x0000002c   Code   RO          402    i.pwm_start         tim.o
    0x08004fa8   0x00000044   Code   RO           16    i.volte_change      pid.o
    0x08004fec   0x0000002c   Code   RO         3593    locale$$code        c_w.l(lc_numeric_c.o)
    0x08005018   0x0000002c   Code   RO         3709    locale$$code        c_w.l(lc_ctype_c.o)
    0x08005044   0x00000062   Code   RO         3477    x$fpl$d2f           fz_wm.l(d2f.o)
    0x080050a6   0x00000002   PAD
    0x080050a8   0x00000010   Code   RO         3792    x$fpl$dcheck1       fz_wm.l(dcheck1.o)
    0x080050b8   0x00000018   Code   RO         3717    x$fpl$dcmpinf       fz_wm.l(dcmpi.o)
    0x080050d0   0x000002b0   Code   RO         3480    x$fpl$ddiv          fz_wm.l(ddiv.o)
    0x08005380   0x00000078   Code   RO         3690    x$fpl$deqf          fz_wm.l(deqf.o)
    0x080053f8   0x00000026   Code   RO         3483    x$fpl$dfltu         fz_wm.l(dflt_clz.o)
    0x0800541e   0x00000002   PAD
    0x08005420   0x00000078   Code   RO         3719    x$fpl$dleqf         fz_wm.l(dleqf.o)
    0x08005498   0x00000154   Code   RO         3489    x$fpl$dmul          fz_wm.l(dmul.o)
    0x080055ec   0x0000009c   Code   RO         3517    x$fpl$dnaninf       fz_wm.l(dnaninf.o)
    0x08005688   0x0000000c   Code   RO         3519    x$fpl$dretinf       fz_wm.l(dretinf.o)
    0x08005694   0x0000006c   Code   RO         3692    x$fpl$drleqf        fz_wm.l(drleqf.o)
    0x08005700   0x00000056   Code   RO         3491    x$fpl$f2d           fz_wm.l(f2d.o)
    0x08005756   0x0000008c   Code   RO         3521    x$fpl$fnaninf       fz_wm.l(fnaninf.o)
    0x080057e2   0x0000000a   Code   RO         3721    x$fpl$fpinit        fz_wm.l(fpinit.o)
    0x080057ec   0x0000000a   Code   RO         3523    x$fpl$fretinf       fz_wm.l(fretinf.o)
    0x080057f6   0x00000004   Code   RO         3493    x$fpl$printf1       fz_wm.l(printf1.o)
    0x080057fa   0x00000064   Code   RO         3826    x$fpl$retnan        fz_wm.l(retnan.o)
    0x0800585e   0x0000005c   Code   RO         3754    x$fpl$scalbn        fz_wm.l(scalbn.o)
    0x080058ba   0x00000004   Code   RO         3495    x$fpl$scanf1        fz_wm.l(scanf1.o)
    0x080058be   0x00000008   Code   RO         3600    x$fpl$scanf2        fz_wm.l(scanf2.o)
    0x080058c6   0x00000030   Code   RO         3828    x$fpl$trapveneer    fz_wm.l(trapv.o)
    0x080058f6   0x00000000   Code   RO         3525    x$fpl$usenofp       fz_wm.l(usenofp.o)
    0x080058f6   0x00000008   Data   RO         1410    .constdata          stm32f4xx_hal_dma.o
    0x080058fe   0x00000010   Data   RO         3400    .constdata          system_stm32f4xx.o
    0x0800590e   0x00000008   Data   RO         3401    .constdata          system_stm32f4xx.o
    0x08005916   0x00000002   PAD
    0x08005918   0x00000094   Data   RO         3564    .constdata          c_w.l(bigflt0.o)
    0x080059ac   0x00000020   Data   RO         3830    Region$$Table       anon$$obj.o
    0x080059cc   0x00000008   Data   RO         3595    c$$dinf             fz_wm.l(fpconst.o)
    0x080059d4   0x0000001c   Data   RO         3592    locale$$data        c_w.l(lc_numeric_c.o)
    0x080059f0   0x00000110   Data   RO         3708    locale$$data        c_w.l(lc_ctype_c.o)


    Execution Region RW_IRAM1 (Base: 0x20000000, Size: 0x00000a08, Max: 0x00020000, ABSOLUTE)

    Base Addr    Size         Type   Attr      Idx    E Section Name        Object

    0x20000000   0x00000002   Data   RW           17    .data               pid.o
    0x20000002   0x00000002   PAD
    0x20000004   0x00000008   Data   RW          243    .data               main.o
    0x2000000c   0x00000008   Data   RW          405    .data               tim.o
    0x20000014   0x00000004   Data   RW          481    .data               usart.o
    0x20000018   0x0000000c   Data   RW         1837    .data               stm32f4xx_hal.o
    0x20000024   0x00000004   Data   RW         3402    .data               system_stm32f4xx.o
    0x20000028   0x00000204   Zero   RW          242    .bss                main.o
    0x2000022c   0x000000a8   Zero   RW          332    .bss                adc.o
    0x200002d4   0x00000090   Zero   RW          404    .bss                tim.o
    0x20000364   0x00000044   Zero   RW          480    .bss                usart.o
    0x200003a8   0x00000060   Zero   RW         3617    .bss                c_w.l(libspace.o)
    0x20000408   0x00000200   Zero   RW            2    HEAP                startup_stm32f407xx.o
    0x20000608   0x00000400   Zero   RW            1    STACK               startup_stm32f407xx.o


==============================================================================

Image component sizes


      Code (inc. data)   RO Data    RW Data    ZI Data      Debug   Object Name

       256         32          0          0        168       1815   adc.o
        44          4          0          0          0        814   dma.o
        60          6          0          0          0        875   gpio.o
       332         50          0          8        516       2926   main.o
       276         26          0          2          0     707191   pid.o
        64         26        392          0       1536        864   startup_stm32f407xx.o
       180         28          0         12          0       9501   stm32f4xx_hal.o
      1200         66          0          0          0       7229   stm32f4xx_hal_adc.o
       198         14          0          0          0      33703   stm32f4xx_hal_cortex.o
      1084         16          8          0          0       6734   stm32f4xx_hal_dma.o
       496         46          0          0          0       1460   stm32f4xx_hal_gpio.o
        52          4          0          0          0        906   stm32f4xx_hal_msp.o
      1344         72          0          0          0       5132   stm32f4xx_hal_rcc.o
      2020        136          0          0          0      16262   stm32f4xx_hal_tim.o
       450         56          0          0          0       4628   stm32f4xx_hal_tim_ex.o
      1370         16          0          0          0       8740   stm32f4xx_hal_uart.o
        56         18          0          0          0       5822   stm32f4xx_it.o
        16          4         24          4          0       1187   system_stm32f4xx.o
       968        148          0          8        144       5231   tim.o
       196          0          0          0          0       3041   uartpack.o
       234         42          0          4         68       4632   usart.o

    ----------------------------------------------------------------------
     10924        810        458         40       2432     828693   Object Totals
         0          0         32          0          0          0   (incl. Generated)
        28          0          2          2          0          0   (incl. Padding)

    ----------------------------------------------------------------------

      Code (inc. data)   RO Data    RW Data    ZI Data      Debug   Library Member Name

        60          8          0          0          0         84   __0sscanf.o
         8          0          0          0          0         68   __main.o
       284          0          0          0          0        156   __printf_wp.o
         0          0          0          0          0          0   __rtentry.o
        12          0          0          0          0          0   __rtentry2.o
         6          0          0          0          0          0   __rtentry4.o
        52          8          0          0          0          0   __scatter.o
        26          0          0          0          0          0   __scatter_copy.o
        28          0          0          0          0          0   __scatter_zi.o
        28          0          0          0          0         68   _chval.o
        48          6          0          0          0         96   _printf_char_common.o
        36          4          0          0          0         80   _printf_char_file.o
         6          0          0          0          0          0   _printf_f.o
      1050          0          0          0          0        216   _printf_fp_dec.o
       128         16          0          0          0         84   _printf_fp_infnan.o
         0          0          0          0          0          0   _printf_percent.o
         4          0          0          0          0          0   _printf_percent_end.o
        22          0          0          0          0        100   _rserrno.o
       884          6          0          0          0        100   _scanf.o
        64          0          0          0          0         84   _sgetc.o
       220          4        148          0          0         96   bigflt0.o
      2074        132          0          0          0        940   btod.o
        12          0          0          0          0         72   exit.o
         8          0          0          0          0         68   ferror.o
         6          0          0          0          0        152   heapauxi.o
        18          0          0          0          0         76   isspace.o
        44         10        272          0          0         76   lc_ctype_c.o
        44         10         28          0          0         76   lc_numeric_c.o
         2          0          0          0          0          0   libinit.o
        34          0          0          0          0          0   libinit2.o
         2          0          0          0          0          0   libshutdown.o
         2          0          0          0          0          0   libshutdown2.o
         8          4          0          0         96         68   libspace.o
        38          0          0          0          0         68   llshl.o
       138          0          0          0          0         80   lludiv10.o
       238          0          0          0          0        100   lludivv7m.o
        24          4          0          0          0         84   noretval__2printf.o
        16          4          0          0          0         76   rt_ctype_table.o
         8          4          0          0          0         68   rt_errno_addr_intlibspace.o
         8          4          0          0          0         68   rt_locale_intlibspace.o
        78          0          0          0          0         80   rt_memclr_w.o
       138          0          0          0          0         68   rt_memcpy_v6.o
       100          0          0          0          0         80   rt_memcpy_w.o
         2          0          0          0          0          0   rtexit.o
        10          0          0          0          0          0   rtexit2.o
        44          8          0          0          0         84   scanf_char.o
      1188         12          0          0          0        148   scanf_fp.o
       792         14          0          0          0        100   scanf_hexfp.o
       308         16          0          0          0        100   scanf_infnan.o
       128          0          0          0          0         68   strcmpv7m.o
        74          0          0          0          0         80   sys_stackheap_outer.o
         2          0          0          0          0         68   use_no_semi.o
         2          0          0          0          0         68   use_no_semi_2.o
        98          4          0          0          0        140   d2f.o
        16          4          0          0          0        116   dcheck1.o
        24          0          0          0          0        116   dcmpi.o
       688        140          0          0          0        256   ddiv.o
       120          4          0          0          0        140   deqf.o
        38          0          0          0          0        116   dflt_clz.o
       120          4          0          0          0        140   dleqf.o
       340         12          0          0          0        152   dmul.o
       156          4          0          0          0        140   dnaninf.o
        12          0          0          0          0        116   dretinf.o
       108          0          0          0          0        128   drleqf.o
        86          4          0          0          0        132   f2d.o
       140          4          0          0          0        132   fnaninf.o
         0          0          8          0          0          0   fpconst.o
        10          0          0          0          0        116   fpinit.o
        10          0          0          0          0        116   fretinf.o
         4          0          0          0          0        116   printf1.o
       100          0          0          0          0        116   retnan.o
        92          0          0          0          0        116   scalbn.o
         4          0          0          0          0        116   scanf1.o
         8          0          0          0          0        132   scanf2.o
        48          0          0          0          0        116   trapv.o
         0          0          0          0          0          0   usenofp.o
        64         16          0          0          0        248   dunder.o
        48          0          0          0          0        124   fpclassify.o
       140         22          0          0          0        132   frexp.o
       228          8          0          0          0        308   ldexp.o
       184         18          0          0          0        152   narrow.o

    ----------------------------------------------------------------------
     11458        520        456          0         96       7980   Library Totals
        16          2          0          0          0          0   (incl. Padding)

    ----------------------------------------------------------------------

      Code (inc. data)   RO Data    RW Data    ZI Data      Debug   Library Name

      8556        274        448          0         96       4248   c_w.l
      2222        180          8          0          0       2768   fz_wm.l
       664         64          0          0          0        964   m_wm.l

    ----------------------------------------------------------------------
     11458        520        456          0         96       7980   Library Totals

    ----------------------------------------------------------------------

==============================================================================


      Code (inc. data)   RO Data    RW Data    ZI Data      Debug   

     22382       1330        914         40       2528     821281   Grand Totals
     22382       1330        914         40       2528     821281   ELF Image Totals
     22382       1330        914         40          0          0   ROM Totals

==============================================================================

    Total RO  Size (Code + RO Data)                23296 (  22.75kB)
    Total RW  Size (RW Data + ZI Data)              2568 (   2.51kB)
    Total ROM Size (Code + RO Data + RW Data)      23336 (  22.79kB)

==============================================================================

